Component: ARM Compiler 5.06 update 7 (build 960) Tool: armlink [4d3601]

==============================================================================

Section Cross References

    main.o(i.HAL_GetTick) refers to rtx_kernel.o(.text.osKernelGetState) for osKernelGetState
    main.o(i.HAL_GetTick) refers to rtx_kernel.o(.text.osKernelGetTickCount) for osKernelGetTickCount
    main.o(i.HAL_GetTick) refers to system_stm32f4xx.o(.data) for SystemCoreClock
    main.o(i.HAL_GetTick) refers to main.o(.data) for ticks
    main.o(i.SystemClock_Config) refers to stm32f4xx_hal_rcc.o(i.HAL_RCC_OscConfig) for HAL_RCC_OscConfig
    main.o(i.SystemClock_Config) refers to main.o(i.Error_Handler) for Error_Handler
    main.o(i.SystemClock_Config) refers to stm32f4xx_hal_rcc.o(i.HAL_RCC_ClockConfig) for HAL_RCC_ClockConfig
    main.o(i.SystemClock_Config) refers to stm32f4xx_hal.o(i.HAL_GetREVID) for HAL_GetREVID
    main.o(i.main) refers to stm32f4xx_hal.o(i.HAL_Init) for HAL_Init
    main.o(i.main) refers to main.o(i.SystemClock_Config) for SystemClock_Config
    main.o(i.main) refers to system_stm32f4xx.o(i.SystemCoreClockUpdate) for SystemCoreClockUpdate
    main.o(i.main) refers to rtx_kernel.o(.text.osKernelInitialize) for osKernelInitialize
    main.o(i.main) refers to principal.o(i.Init_Thread_principal) for Init_Thread_principal
    main.o(i.main) refers to rtx_kernel.o(.text.osKernelStart) for osKernelStart
    joystick.o(i.EXTI15_10_IRQHandler) refers to stm32f4xx_hal_gpio.o(i.HAL_GPIO_EXTI_IRQHandler) for HAL_GPIO_EXTI_IRQHandler
    joystick.o(i.HAL_GPIO_EXTI_Callback) refers to rtx_thread.o(.text.osThreadFlagsSet) for osThreadFlagsSet
    joystick.o(i.HAL_GPIO_EXTI_Callback) refers to joystick.o(.data) for tid_Thread_joystick
    joystick.o(i.Init_Joystick) refers to stm32f4xx_hal_gpio.o(i.HAL_GPIO_Init) for HAL_GPIO_Init
    joystick.o(i.Init_Joystick) refers to joystick.o(.bss) for GPIO_InitStruct
    joystick.o(i.Init_Thjoy) refers to rtx_msgqueue.o(.text.osMessageQueueNew) for osMessageQueueNew
    joystick.o(i.Init_Thjoy) refers to rtx_thread.o(.text.osThreadNew) for osThreadNew
    joystick.o(i.Init_Thjoy) refers to joystick.o(.data) for queue
    joystick.o(i.Init_Thjoy) refers to joystick.o(i.Thread_Joystick) for Thread_Joystick
    joystick.o(i.Thread_Joystick) refers to joystick.o(i.Init_Joystick) for Init_Joystick
    joystick.o(i.Thread_Joystick) refers to joystick.o(i.init_boton) for init_boton
    joystick.o(i.Thread_Joystick) refers to joystick.o(i.init_timer_rebotes) for init_timer_rebotes
    joystick.o(i.Thread_Joystick) refers to joystick.o(i.init_timer_pl) for init_timer_pl
    joystick.o(i.Thread_Joystick) refers to rtx_thread.o(.text.osThreadFlagsWait) for osThreadFlagsWait
    joystick.o(i.Thread_Joystick) refers to joystick.o(i.timer_rebotes_start) for timer_rebotes_start
    joystick.o(i.Thread_Joystick) refers to joystick.o(i.timer_pl_start) for timer_pl_start
    joystick.o(i.Thread_Joystick) refers to stm32f4xx_hal_gpio.o(i.HAL_GPIO_ReadPin) for HAL_GPIO_ReadPin
    joystick.o(i.Thread_Joystick) refers to rtx_msgqueue.o(.text.osMessageQueuePut) for osMessageQueuePut
    joystick.o(i.Thread_Joystick) refers to joystick.o(.data) for flag_detectado
    joystick.o(i.init_boton) refers to stm32f4xx_hal_cortex.o(i.HAL_NVIC_EnableIRQ) for HAL_NVIC_EnableIRQ
    joystick.o(i.init_boton) refers to stm32f4xx_hal_gpio.o(i.HAL_GPIO_Init) for HAL_GPIO_Init
    joystick.o(i.init_timer_pl) refers to rtx_timer.o(.text.osTimerNew) for osTimerNew
    joystick.o(i.init_timer_pl) refers to joystick.o(i.timer_pl_callback) for timer_pl_callback
    joystick.o(i.init_timer_pl) refers to joystick.o(.data) for id_timer_pl
    joystick.o(i.init_timer_rebotes) refers to rtx_timer.o(.text.osTimerNew) for osTimerNew
    joystick.o(i.init_timer_rebotes) refers to joystick.o(i.timer_rebotes_callback) for timer_rebotes_callback
    joystick.o(i.init_timer_rebotes) refers to joystick.o(.data) for id_timer_rebotes
    joystick.o(i.timer_pl_callback) refers to rtx_thread.o(.text.osThreadFlagsSet) for osThreadFlagsSet
    joystick.o(i.timer_pl_callback) refers to joystick.o(.data) for tid_Thread_joystick
    joystick.o(i.timer_pl_start) refers to rtx_timer.o(.text.osTimerStart) for osTimerStart
    joystick.o(i.timer_pl_start) refers to joystick.o(.data) for id_timer_pl
    joystick.o(i.timer_rebotes_callback) refers to rtx_thread.o(.text.osThreadFlagsSet) for osThreadFlagsSet
    joystick.o(i.timer_rebotes_callback) refers to joystick.o(.data) for tid_Thread_joystick
    joystick.o(i.timer_rebotes_start) refers to rtx_timer.o(.text.osTimerStart) for osTimerStart
    joystick.o(i.timer_rebotes_start) refers to joystick.o(.data) for id_timer_rebotes
    principal.o(i.Init_Thread_principal) refers to rtx_thread.o(.text.osThreadNew) for osThreadNew
    principal.o(i.Init_Thread_principal) refers to principal.o(i.Thread_principal) for Thread_principal
[...]
    DMA2_Stream5_IRQHandler                  0x080002b3   Thumb Code     0  startup_stm32f429xx.o(.text)
    DMA2_Stream6_IRQHandler                  0x080002b3   Thumb Code     0  startup_stm32f429xx.o(.text)
    DMA2_Stream7_IRQHandler                  0x080002b3   Thumb Code     0  startup_stm32f429xx.o(.text)
    ETH_IRQHandler                           0x080002b3   Thumb Code     0  startup_stm32f429xx.o(.text)
    ETH_WKUP_IRQHandler                      0x080002b3   Thumb Code     0  startup_stm32f429xx.o(.text)
    EXTI0_IRQHandler                         0x080002b3   Thumb Code     0  startup_stm32f429xx.o(.text)
    EXTI1_IRQHandler                         0x080002b3   Thumb Code     0  startup_stm32f429xx.o(.text)
    EXTI2_IRQHandler                         0x080002b3   Thumb Code     0  startup_stm32f429xx.o(.text)
    EXTI3_IRQHandler                         0x080002b3   Thumb Code     0  startup_stm32f429xx.o(.text)
    EXTI4_IRQHandler                         0x080002b3   Thumb Code     0  startup_stm32f429xx.o(.text)
    EXTI9_5_IRQHandler                       0x080002b3   Thumb Code     0  startup_stm32f429xx.o(.text)
    FLASH_IRQHandler                         0x080002b3   Thumb Code     0  startup_stm32f429xx.o(.text)
    FMC_IRQHandler                           0x080002b3   Thumb Code     0  startup_stm32f429xx.o(.text)
    FPU_IRQHandler                           0x080002b3   Thumb Code     0  startup_stm32f429xx.o(.text)
    HASH_RNG_IRQHandler                      0x080002b3   Thumb Code     0  startup_stm32f429xx.o(.text)
    I2C2_ER_IRQHandler                       0x080002b3   Thumb Code     0  startup_stm32f429xx.o(.text)
    I2C2_EV_IRQHandler                       0x080002b3   Thumb Code     0  startup_stm32f429xx.o(.text)
    I2C3_ER_IRQHandler                       0x080002b3   Thumb Code     0  startup_stm32f429xx.o(.text)
    I2C3_EV_IRQHandler                       0x080002b3   Thumb Code     0  startup_stm32f429xx.o(.text)
    LTDC_ER_IRQHandler                       0x080002b3   Thumb Code     0  startup_stm32f429xx.o(.text)
    LTDC_IRQHandler                          0x080002b3   Thumb Code     0  startup_stm32f429xx.o(.text)
    OTG_FS_IRQHandler                        0x080002b3   Thumb Code     0  startup_stm32f429xx.o(.text)
    OTG_FS_WKUP_IRQHandler                   0x080002b3   Thumb Code     0  startup_stm32f429xx.o(.text)
    OTG_HS_EP1_IN_IRQHandler                 0x080002b3   Thumb Code     0  startup_stm32f429xx.o(.text)
    OTG_HS_EP1_OUT_IRQHandler                0x080002b3   Thumb Code     0  startup_stm32f429xx.o(.text)
    OTG_HS_IRQHandler                        0x080002b3   Thumb Code     0  startup_stm32f429xx.o(.text)
    OTG_HS_WKUP_IRQHandler                   0x080002b3   Thumb Code     0  startup_stm32f429xx.o(.text)
    PVD_IRQHandler                           0x080002b3   Thumb Code     0  startup_stm32f429xx.o(.text)
    RCC_IRQHandler                           0x080002b3   Thumb Code     0  startup_stm32f429xx.o(.text)
    RTC_Alarm_IRQHandler                     0x080002b3   Thumb Code     0  startup_stm32f429xx.o(.text)
    RTC_WKUP_IRQHandler                      0x080002b3   Thumb Code     0  startup_stm32f429xx.o(.text)
    SAI1_IRQHandler                          0x080002b3   Thumb Code     0  startup_stm32f429xx.o(.text)
    SDIO_IRQHandler                          0x080002b3   Thumb Code     0  startup_stm32f429xx.o(.text)
    SPI2_IRQHandler                          0x080002b3   Thumb Code     0  startup_stm32f429xx.o(.text)
    SPI3_IRQHandler                          0x080002b3   Thumb Code     0  startup_stm32f429xx.o(.text)
    SPI4_IRQHandler                          0x080002b3   Thumb Code     0  startup_stm32f429xx.o(.text)
    SPI5_IRQHandler                          0x080002b3   Thumb Code     0  startup_stm32f429xx.o(.text)
    SPI6_IRQHandler                          0x080002b3   Thumb Code     0  startup_stm32f429xx.o(.text)
    TAMP_STAMP_IRQHandler                    0x080002b3   Thumb Code     0  startup_stm32f429xx.o(.text)
    TIM1_BRK_TIM9_IRQHandler                 0x080002b3   Thumb Code     0  startup_stm32f429xx.o(.text)
    TIM1_CC_IRQHandler                       0x080002b3   Thumb Code     0  startup_stm32f429xx.o(.text)
    TIM1_TRG_COM_TIM11_IRQHandler            0x080002b3   Thumb Code     0  startup_stm32f429xx.o(.text)
    TIM1_UP_TIM10_IRQHandler                 0x080002b3   Thumb Code     0  startup_stm32f429xx.o(.text)
    TIM2_IRQHandler                          0x080002b3   Thumb Code     0  startup_stm32f429xx.o(.text)
    TIM3_IRQHandler                          0x080002b3   Thumb Code     0  startup_stm32f429xx.o(.text)
    TIM4_IRQHandler                          0x080002b3   Thumb Code     0  startup_stm32f429xx.o(.text)
    TIM5_IRQHandler                          0x080002b3   Thumb Code     0  startup_stm32f429xx.o(.text)
    TIM6_DAC_IRQHandler                      0x080002b3   Thumb Code     0  startup_stm32f429xx.o(.text)
    TIM7_IRQHandler                          0x080002b3   Thumb Code     0  startup_stm32f429xx.o(.text)
    TIM8_BRK_TIM12_IRQHandler                0x080002b3   Thumb Code     0  startup_stm32f429xx.o(.text)
    TIM8_CC_IRQHandler                       0x080002b3   Thumb Code     0  startup_stm32f429xx.o(.text)
    TIM8_TRG_COM_TIM14_IRQHandler            0x080002b3   Thumb Code     0  startup_stm32f429xx.o(.text)
    TIM8_UP_TIM13_IRQHandler                 0x080002b3   Thumb Code     0  startup_stm32f429xx.o(.text)
    UART4_IRQHandler                         0x080002b3   Thumb Code     0  startup_stm32f429xx.o(.text)
    UART5_IRQHandler                         0x080002b3   Thumb Code     0  startup_stm32f429xx.o(.text)
    UART7_IRQHandler                         0x080002b3   Thumb Code     0  startup_stm32f429xx.o(.text)
    UART8_IRQHandler                         0x080002b3   Thumb Code     0  startup_stm32f429xx.o(.text)
    USART1_IRQHandler                        0x080002b3   Thumb Code     0  startup_stm32f429xx.o(.text)
    USART2_IRQHandler                        0x080002b3   Thumb Code     0  startup_stm32f429xx.o(.text)
    USART6_IRQHandler                        0x080002b3   Thumb Code     0  startup_stm32f429xx.o(.text)
    WWDG_IRQHandler                          0x080002b3   Thumb Code     0  startup_stm32f429xx.o(.text)
    __user_initial_stackheap                 0x080002b5   Thumb Code     0  startup_stm32f429xx.o(.text)
    SVC_Handler                              0x080002d9   Thumb Code   154  irq_armv7m.o(.text)
    PendSV_Handler                           0x08000373   Thumb Code    16  irq_armv7m.o(.text)
    SysTick_Handler                          0x08000383   Thumb Code    16  irq_armv7m.o(.text)
    __aeabi_uldivmod                         0x080003a1   Thumb Code     0  lludivv7m.o(.text)
    _ll_udiv                                 0x080003a1   Thumb Code   238  lludivv7m.o(.text)
    __2sprintf                               0x08000491   Thumb Code    34  noretval__2sprintf.o(.text)
    _printf_int_dec                          0x080004b9   Thumb Code   104  _printf_dec.o(.text)
    __printf                                 0x08000531   Thumb Code   388  __printf_flags_ss_wp.o(.text)
    strlen                                   0x080006b9   Thumb Code    62  strlen.o(.text)
    __aeabi_memcpy                           0x080006f7   Thumb Code     0  rt_memcpy_v6.o(.text)
    __rt_memcpy                              0x080006f7   Thumb Code   138  rt_memcpy_v6.o(.text)
    _memcpy_lastbytes                        0x0800075d   Thumb Code     0  rt_memcpy_v6.o(.text)
    __aeabi_memcpy4                          0x08000781   Thumb Code     0  rt_memcpy_w.o(.text)
    __aeabi_memcpy8                          0x08000781   Thumb Code     0  rt_memcpy_w.o(.text)
    __rt_memcpy_w                            0x08000781   Thumb Code   100  rt_memcpy_w.o(.text)
    _memcpy_lastbytes_aligned                0x080007c9   Thumb Code     0  rt_memcpy_w.o(.text)
    __aeabi_memclr                           0x080007e5   Thumb Code     0  rt_memclr.o(.text)
    __rt_memclr                              0x080007e5   Thumb Code    68  rt_memclr.o(.text)
    _memset                                  0x080007e9   Thumb Code     0  rt_memclr.o(.text)
    __aeabi_memclr4                          0x08000829   Thumb Code     0  rt_memclr_w.o(.text)
    __aeabi_memclr8                          0x08000829   Thumb Code     0  rt_memclr_w.o(.text)
    __rt_memclr_w                            0x08000829   Thumb Code    78  rt_memclr_w.o(.text)
    _memset_w                                0x0800082d   Thumb Code     0  rt_memclr_w.o(.text)
    __use_two_region_memory                  0x08000877   Thumb Code     2  heapauxi.o(.text)
    __rt_heap_escrow$2region                 0x08000879   Thumb Code     2  heapauxi.o(.text)
    __rt_heap_expand$2region                 0x0800087b   Thumb Code     2  heapauxi.o(.text)
    _printf_int_common                       0x0800087d   Thumb Code   178  _printf_intcommon.o(.text)
    __lib_sel_fp_printf                      0x0800092f   Thumb Code     2  _printf_fp_dec.o(.text)
    _printf_fp_dec_real                      0x08000ae1   Thumb Code   620  _printf_fp_dec.o(.text)
    _printf_char_common                      0x08000d57   Thumb Code    32  _printf_char_common.o(.text)
    _sputc                                   0x08000d7d   Thumb Code    10  _sputc.o(.text)
    __rt_locale                              0x08000d87   Thumb Code    10  rt_locale_twolibspace.o(.text)
    _ll_udiv10                               0x08000d91   Thumb Code   138  lludiv10.o(.text)
    _printf_fp_infnan                        0x08000e1d   Thumb Code   112  _printf_fp_infnan.o(.text)
    _btod_etento                             0x08000e9d   Thumb Code   224  bigflt0.o(.text)
    __user_libspace                          0x08000f81   Thumb Code     8  libspace.o(.text)
    __user_perproc_libspace                  0x08000f81   Thumb Code     0  libspace.o(.text)
    __user_setup_stackheap                   0x08000f89   Thumb Code    74  sys_stackheap_outer.o(.text)
    exit                                     0x08000fd3   Thumb Code    18  exit.o(.text)
    strcmp                                   0x08000fe5   Thumb Code   128  strcmpv7m.o(.text)
    _sys_exit                                0x08001065   Thumb Code     8  sys_exit.o(.text)
    __I$use$semihosting                      0x08001071   Thumb Code     0  use_no_semi.o(.text)
    __use_no_semihosting_swi                 0x08001071   Thumb Code     2  use_no_semi.o(.text)
    __semihosting_library_function           0x08001073   Thumb Code     0  indicate_semi.o(.text)
    OS_Tick_AcknowledgeIRQ                   0x08001129   Thumb Code     8  os_systick.o(.text.OS_Tick_AcknowledgeIRQ)
    OS_Tick_Enable                           0x08001135   Thumb Code    32  os_systick.o(.text.OS_Tick_Enable)
    OS_Tick_GetIRQn                          0x08001161   Thumb Code     6  os_systick.o(.text.OS_Tick_GetIRQn)
    OS_Tick_Setup                            0x08001169   Thumb Code    48  os_systick.o(.text.OS_Tick_Setup)
    osDelay                                  0x080012a1   Thumb Code    32  rtx_delay.o(.text.osDelay)
    osKernelGetState                         0x080012c5   Thumb Code    40  rtx_kernel.o(.text.osKernelGetState)
    osKernelGetTickCount                     0x080012f5   Thumb Code    32  rtx_kernel.o(.text.osKernelGetTickCount)
    osKernelInitialize                       0x0800131d   Thumb Code    40  rtx_kernel.o(.text.osKernelInitialize)
    osKernelStart                            0x08001349   Thumb Code    32  rtx_kernel.o(.text.osKernelStart)
    osMessageQueueGet                        0x0800136d   Thumb Code   108  rtx_msgqueue.o(.text.osMessageQueueGet)
    osMessageQueueNew                        0x080013dd   Thumb Code    32  rtx_msgqueue.o(.text.osMessageQueueNew)
    osMessageQueuePut                        0x08001401   Thumb Code   124  rtx_msgqueue.o(.text.osMessageQueuePut)
    osMutexAcquire                           0x08001481   Thumb Code    32  rtx_mutex.o(.text.osMutexAcquire)
    osMutexDelete                            0x080014a5   Thumb Code    32  rtx_mutex.o(.text.osMutexDelete)
    osMutexNew                               0x080014c9   Thumb Code    32  rtx_mutex.o(.text.osMutexNew)
    osMutexRelease                           0x080014ed   Thumb Code    32  rtx_mutex.o(.text.osMutexRelease)
    osRtxKernelErrorNotify                   0x08001511   Thumb Code     4  rtx_kernel.o(.text.osRtxKernelErrorNotify)
    osRtxKernelPreInit                       0x08001515   Thumb Code     2  rtx_kernel.o(.text.osRtxKernelPreInit)
    osRtxMemoryAlloc                         0x08001517   Thumb Code   108  rtx_memory.o(.text.osRtxMemoryAlloc)
    osRtxMemoryFree                          0x08001583   Thumb Code    66  rtx_memory.o(.text.osRtxMemoryFree)
    osRtxMemoryInit                          0x080015c5   Thumb Code    54  rtx_memory.o(.text.osRtxMemoryInit)
    osRtxMemoryPoolAlloc                     0x080015fb   Thumb Code    58  rtx_mempool.o(.text.osRtxMemoryPoolAlloc)
    osRtxMemoryPoolFree                      0x08001635   Thumb Code    74  rtx_mempool.o(.text.osRtxMemoryPoolFree)
    osRtxMemoryPoolInit                      0x0800167f   Thumb Code    56  rtx_mempool.o(.text.osRtxMemoryPoolInit)
    osRtxMessageQueueTimerSetup              0x08001761   Thumb Code    32  rtx_msgqueue.o(.text.osRtxMessageQueueTimerSetup)
    osRtxMutexOwnerRelease                   0x08001789   Thumb Code    72  rtx_mutex.o(.text.osRtxMutexOwnerRelease)
    osRtxMutexOwnerRestore                   0x080017d1   Thumb Code    66  rtx_mutex.o(.text.osRtxMutexOwnerRestore)
    osRtxPendSV_Handler                      0x08001815   Thumb Code   136  rtx_system.o(.text.osRtxPendSV_Handler)
    osRtxPostProcess                         0x080018a1   Thumb Code   108  rtx_system.o(.text.osRtxPostProcess)
    osRtxThreadDelayTick                     0x08001a0d   Thumb Code    72  rtx_thread.o(.text.osRtxThreadDelayTick)
    osRtxThreadDispatch                      0x08001a7d   Thumb Code    80  rtx_thread.o(.text.osRtxThreadDispatch)
    osRtxThreadListGet                       0x08001b47   Thumb Code    18  rtx_thread.o(.text.osRtxThreadListGet)
    osRtxThreadListPut                       0x08001b59   Thumb Code    44  rtx_thread.o(.text.osRtxThreadListPut)
    osRtxThreadListRemove                    0x08001b85   Thumb Code    20  rtx_thread.o(.text.osRtxThreadListRemove)
    osRtxThreadListSort                      0x08001ba5   Thumb Code    38  rtx_thread.o(.text.osRtxThreadListSort)
    osRtxThreadReadyPut                      0x08001bf5   Thumb Code    16  rtx_thread.o(.text.osRtxThreadReadyPut)
    osRtxThreadRegPtr                        0x08001c09   Thumb Code    20  rtx_thread.o(.text.osRtxThreadRegPtr)
    osRtxThreadStartup                       0x08001c1d   Thumb Code    48  rtx_thread.o(.text.osRtxThreadStartup)
    osRtxThreadSwitch                        0x08001c59   Thumb Code    12  rtx_thread.o(.text.osRtxThreadSwitch)
    osRtxThreadWaitEnter                     0x08001c69   Thumb Code    56  rtx_thread.o(.text.osRtxThreadWaitEnter)
    osRtxThreadWaitExit                      0x08001ca5   Thumb Code    48  rtx_thread.o(.text.osRtxThreadWaitExit)
    osRtxTick_Handler                        0x08001cd5   Thumb Code   116  rtx_system.o(.text.osRtxTick_Handler)
    osRtxTimerSetup                          0x08001d4d   Thumb Code    24  rtx_timer.o(.text.osRtxTimerSetup)
    osRtxTimerThread                         0x08001d6d   Thumb Code    32  rtx_timer.o(.text.osRtxTimerThread)
    osThreadExit                             0x08001dfd   Thumb Code     8  rtx_thread.o(.text.osThreadExit)
    osThreadFlagsSet                         0x08001e09   Thumb Code    84  rtx_thread.o(.text.osThreadFlagsSet)
    osThreadFlagsWait                        0x08001e61   Thumb Code    32  rtx_thread.o(.text.osThreadFlagsWait)
    osThreadNew                              0x08001e85   Thumb Code    32  rtx_thread.o(.text.osThreadNew)
    osTimerNew                               0x08001ea9   Thumb Code    32  rtx_timer.o(.text.osTimerNew)
    osTimerStart                             0x08001ecd   Thumb Code    32  rtx_timer.o(.text.osTimerStart)
    _btod_d2e                                0x08002955   Thumb Code    62  btod.o(CL$$btod_d2e)
    _d2e_denorm_low                          0x08002993   Thumb Code    70  btod.o(CL$$btod_d2e_denorm_low)
    _d2e_norm_op1                            0x080029d9   Thumb Code    96  btod.o(CL$$btod_d2e_norm_op1)
    __btod_div_common                        0x08002a39   Thumb Code   696  btod.o(CL$$btod_div_common)
    _e2e                                     0x08002d71   Thumb Code   220  btod.o(CL$$btod_e2e)
    _btod_ediv                               0x08002e4d   Thumb Code    42  btod.o(CL$$btod_ediv)
    _btod_emul                               0x08002e77   Thumb Code    42  btod.o(CL$$btod_emul)
    __btod_mult_common                       0x08002ea1   Thumb Code   580  btod.o(CL$$btod_mult_common)
    ADC1_pins_F429ZI_config                  0x080030e5   Thumb Code   124  pot.o(i.ADC1_pins_F429ZI_config)
    ADC_Init_Single_Conversion               0x080032c9   Thumb Code    66  pot.o(i.ADC_Init_Single_Conversion)
    ADC_getVoltage                           0x08003311   Thumb Code   128  pot.o(i.ADC_getVoltage)
    EXTI15_10_IRQHandler                     0x08003545   Thumb Code    52  joystick.o(i.EXTI15_10_IRQHandler)
    HAL_ADC_ConfigChannel                    0x08003bbd   Thumb Code   400  stm32f4xx_hal_adc.o(i.HAL_ADC_ConfigChannel)
    HAL_ADC_GetValue                         0x08003d61   Thumb Code     8  stm32f4xx_hal_adc.o(i.HAL_ADC_GetValue)
    HAL_ADC_Init                             0x08003d69   Thumb Code   100  stm32f4xx_hal_adc.o(i.HAL_ADC_Init)
    HAL_ADC_MspInit                          0x08003dd1   Thumb Code     2  stm32f4xx_hal_adc.o(i.HAL_ADC_MspInit)
    HAL_ADC_PollForConversion                0x08003dd3   Thumb Code   194  stm32f4xx_hal_adc.o(i.HAL_ADC_PollForConversion)
    HAL_ADC_Start                            0x08003e95   Thumb Code   290  stm32f4xx_hal_adc.o(i.HAL_ADC_Start)
    HAL_DMA_Abort                            0x08003fd1   Thumb Code   170  stm32f4xx_hal_dma.o(i.HAL_DMA_Abort)
    HAL_DMA_Abort_IT                         0x0800407b   Thumb Code    40  stm32f4xx_hal_dma.o(i.HAL_DMA_Abort_IT)
    HAL_DMA_Init                             0x080040a5   Thumb Code   232  stm32f4xx_hal_dma.o(i.HAL_DMA_Init)
    HAL_DMA_Start_IT                         0x08004191   Thumb Code   146  stm32f4xx_hal_dma.o(i.HAL_DMA_Start_IT)
    HAL_Delay                                0x08004225   Thumb Code    36  stm32f4xx_hal.o(i.HAL_Delay)
    HAL_GPIO_DeInit                          0x0800424d   Thumb Code   336  stm32f4xx_hal_gpio.o(i.HAL_GPIO_DeInit)
    HAL_GPIO_EXTI_Callback                   0x080043cd   Thumb Code   144  joystick.o(i.HAL_GPIO_EXTI_Callback)
    HAL_GPIO_EXTI_IRQHandler                 0x08004471   Thumb Code    24  stm32f4xx_hal_gpio.o(i.HAL_GPIO_EXTI_IRQHandler)
    HAL_GPIO_Init                            0x0800448d   Thumb Code   486  stm32f4xx_hal_gpio.o(i.HAL_GPIO_Init)
    HAL_GPIO_ReadPin                         0x080046a9   Thumb Code    16  stm32f4xx_hal_gpio.o(i.HAL_GPIO_ReadPin)
    HAL_GPIO_WritePin                        0x080046b9   Thumb Code    12  stm32f4xx_hal_gpio.o(i.HAL_GPIO_WritePin)
    HAL_GetREVID                             0x080046c5   Thumb Code     8  stm32f4xx_hal.o(i.HAL_GetREVID)
    HAL_GetTick                              0x080046d1   Thumb Code    66  main.o(i.HAL_GetTick)
    HAL_Init                                 0x0800471d   Thumb Code    44  stm32f4xx_hal.o(i.HAL_Init)
    HAL_InitTick                             0x0800474d   Thumb Code    64  stm32f4xx_hal.o(i.HAL_InitTick)
    HAL_MspInit                              0x08004799   Thumb Code     2  stm32f4xx_hal.o(i.HAL_MspInit)
    HAL_NVIC_ClearPendingIRQ                 0x0800479d   Thumb Code    30  stm32f4xx_hal_cortex.o(i.HAL_NVIC_ClearPendingIRQ)
    HAL_NVIC_DisableIRQ                      0x080047c1   Thumb Code    38  stm32f4xx_hal_cortex.o(i.HAL_NVIC_DisableIRQ)
    HAL_NVIC_EnableIRQ                       0x080047ed   Thumb Code    40  stm32f4xx_hal_cortex.o(i.HAL_NVIC_EnableIRQ)
    HAL_NVIC_SetPriority                     0x08004815   Thumb Code   124  stm32f4xx_hal_cortex.o(i.HAL_NVIC_SetPriority)
    HAL_NVIC_SetPriorityGrouping             0x08004891   Thumb Code    32  stm32f4xx_hal_cortex.o(i.HAL_NVIC_SetPriorityGrouping)
    HAL_RCC_ClockConfig                      0x080048b9   Thumb Code   368  stm32f4xx_hal_rcc.o(i.HAL_RCC_ClockConfig)
    HAL_RCC_GetHCLKFreq                      0x08004a3d   Thumb Code     6  stm32f4xx_hal_rcc.o(i.HAL_RCC_GetHCLKFreq)
    HAL_RCC_GetPCLK1Freq                     0x08004a49   Thumb Code    22  stm32f4xx_hal_rcc.o(i.HAL_RCC_GetPCLK1Freq)
    HAL_RCC_GetPCLK2Freq                     0x08004a69   Thumb Code    22  stm32f4xx_hal_rcc.o(i.HAL_RCC_GetPCLK2Freq)
    HAL_RCC_GetSysClockFreq                  0x08004a89   Thumb Code   162  stm32f4xx_hal_rcc.o(i.HAL_RCC_GetSysClockFreq)
    HAL_RCC_OscConfig                        0x08004b39   Thumb Code  1152  stm32f4xx_hal_rcc.o(i.HAL_RCC_OscConfig)
    HAL_SYSTICK_Config                       0x08004fc1   Thumb Code    52  stm32f4xx_hal_cortex.o(i.HAL_SYSTICK_Config)
    HAL_TIM_Base_DeInit                      0x08004ff5   Thumb Code    70  stm32f4xx_hal_tim.o(i.HAL_TIM_Base_DeInit)
    HAL_TIM_Base_Init                        0x0800503b   Thumb Code    52  stm32f4xx_hal_tim.o(i.HAL_TIM_Base_Init)
    HAL_TIM_Base_MspDeInit                   0x0800506f   Thumb Code     2  stm32f4xx_hal_tim.o(i.HAL_TIM_Base_MspDeInit)
    HAL_TIM_Base_MspInit                     0x08005071   Thumb Code     2  stm32f4xx_hal_tim.o(i.HAL_TIM_Base_MspInit)
    HAL_TIM_Base_Start                       0x08005073   Thumb Code    42  stm32f4xx_hal_tim.o(i.HAL_TIM_Base_Start)
    HAL_TIM_Base_Stop                        0x0800509d   Thumb Code    56  stm32f4xx_hal_tim.o(i.HAL_TIM_Base_Stop)
    HAL_TIM_PWM_ConfigChannel                0x080050d5   Thumb Code   264  stm32f4xx_hal_tim.o(i.HAL_TIM_PWM_ConfigChannel)
    HAL_TIM_PWM_Init                         0x080051dd   Thumb Code    52  stm32f4xx_hal_tim.o(i.HAL_TIM_PWM_Init)
    HAL_TIM_PWM_MspInit                      0x08005211   Thumb Code     2  stm32f4xx_hal_tim.o(i.HAL_TIM_PWM_MspInit)
    HAL_TIM_PWM_Start                        0x08005215   Thumb Code    80  stm32f4xx_hal_tim.o(i.HAL_TIM_PWM_Start)
    HAL_TIM_PWM_Stop                         0x0800526d   Thumb Code   126  stm32f4xx_hal_tim.o(i.HAL_TIM_PWM_Stop)
    HAL_TIM_ReadCapturedValue                0x080052f5   Thumb Code    50  stm32f4xx_hal_tim.o(i.HAL_TIM_ReadCapturedValue)
    I2C1_ER_IRQHandler                       0x08005341   Thumb Code    10  i2c_stm32f4xx.o(i.I2C1_ER_IRQHandler)
    I2C1_EV_IRQHandler                       0x08005351   Thumb Code    10  i2c_stm32f4xx.o(i.I2C1_EV_IRQHandler)
    Init_ThPot                               0x08006959   Thumb Code    46  pot.o(i.Init_ThPot)
    Init_ThPwm                               0x08006995   Thumb Code    46  pwm.o(i.Init_ThPwm)
    Init_ThTemp                              0x080069d1   Thumb Code    46  temp.o(i.Init_ThTemp)
    Init_Thhora                              0x08006a0d   Thumb Code    46  hora.o(i.Init_Thhora)
    Init_Thjoy                               0x08006a51   Thumb Code    46  joystick.o(i.Init_Thjoy)
    Init_Thlcd                               0x08006a8d   Thumb Code    46  lcd.o(i.Init_Thlcd)
    Init_Thread_principal                    0x08006ac9   Thumb Code    32  principal.o(i.Init_Thread_principal)
    SPI1_IRQHandler                          0x08006e61   Thumb Code    10  spi_stm32f4xx.o(i.SPI1_IRQHandler)
    SystemCoreClockUpdate                    0x08007ba9   Thumb Code   170  system_stm32f4xx.o(i.SystemCoreClockUpdate)
    SystemInit                               0x08007c69   Thumb Code    24  system_stm32f4xx.o(i.SystemInit)
    TIM_Base_SetConfig                       0x08007c85   Thumb Code   170  stm32f4xx_hal_tim.o(i.TIM_Base_SetConfig)
    TIM_CCxChannelCmd                        0x08007d5d   Thumb Code    34  stm32f4xx_hal_tim.o(i.TIM_CCxChannelCmd)
    TIM_OC2_SetConfig                        0x08007df1   Thumb Code   114  stm32f4xx_hal_tim.o(i.TIM_OC2_SetConfig)
    Thlcd                                    0x08007f39   Thumb Code    66  lcd.o(i.Thlcd)
    ThreadHora                               0x08007f85   Thumb Code    20  hora.o(i.ThreadHora)
    Thread_principal                         0x08008215   Thumb Code  1392  principal.o(i.Thread_principal)
    Thread_pwm                               0x080087bd   Thumb Code    36  pwm.o(i.Thread_pwm)
    USART3_IRQHandler                        0x08008a35   Thumb Code    10  usart_stm32f4xx.o(i.USART3_IRQHandler)
    USART_IRQHandler                         0x080094a7   Thumb Code   626  usart_stm32f4xx.o(i.USART_IRQHandler)
    __ARM_fpclassify                         0x08009f49   Thumb Code    48  fpclassify.o(i.__ARM_fpclassify)
    __hardfp_fabs                            0x08009fb1   Thumb Code    20  fabs.o(i.__hardfp_fabs)
    _is_digit                                0x08009fc5   Thumb Code    14  __printf_wp.o(i._is_digit)
    _mutex_acquire                           0x08009fd3   Thumb Code    22  rtx_lib.o(i._mutex_acquire)
    _mutex_free                              0x08009fe9   Thumb Code    12  rtx_lib.o(i._mutex_free)
    _mutex_initialize                        0x08009ff5   Thumb Code    34  rtx_lib.o(i._mutex_initialize)
    _mutex_release                           0x0800a017   Thumb Code    18  rtx_lib.o(i._mutex_release)
    _platform_post_stackheap_init            0x0800a029   Thumb Code     8  rtx_lib.o(i._platform_post_stackheap_init)
    main                                     0x0800a671   Thumb Code    28  main.o(i.main)
    osRtxErrorNotify                         0x0800a68d   Thumb Code    32  rtx_config.o(i.osRtxErrorNotify)
    osRtxIdleThread                          0x0800a6ad   Thumb Code     4  rtx_config.o(i.osRtxIdleThread)
    _get_lc_numeric                          0x0800a8b1   Thumb Code    44  lc_numeric_c.o(locale$$code)
    __aeabi_d2f                              0x0800a8dd   Thumb Code     0  d2f.o(x$fpl$d2f)
    _d2f                                     0x0800a8dd   Thumb Code    98  d2f.o(x$fpl$d2f)
    __fpl_dcmp_Inf                           0x0800a93f   Thumb Code    24  dcmpi.o(x$fpl$dcmpinf)
    __aeabi_cdcmple                          0x0800a959   Thumb Code     0  dleqf.o(x$fpl$dleqf)
    _dcmple                                  0x0800a959   Thumb Code   120  dleqf.o(x$fpl$dleqf)
    __fpl_dcmple_InfNaN                      0x0800a9bb   Thumb Code     0  dleqf.o(x$fpl$dleqf)
    __aeabi_dmul                             0x0800a9d1   Thumb Code     0  dmul.o(x$fpl$dmul)
    _dmul                                    0x0800a9d1   Thumb Code   332  dmul.o(x$fpl$dmul)
    __fpl_dnaninf                            0x0800ab25   Thumb Code   156  dnaninf.o(x$fpl$dnaninf)
    __fpl_dretinf                            0x0800abc1   Thumb Code    12  dretinf.o(x$fpl$dretinf)
    __aeabi_cdrcmple                         0x0800abcd   Thumb Code     0  drleqf.o(x$fpl$drleqf)
    _drcmple                                 0x0800abcd   Thumb Code   108  drleqf.o(x$fpl$drleqf)
    __aeabi_f2d                              0x0800ac39   Thumb Code     0  f2d.o(x$fpl$f2d)
    _f2d                                     0x0800ac39   Thumb Code    86  f2d.o(x$fpl$f2d)
    __fpl_fnaninf                            0x0800ac8f   Thumb Code   140  fnaninf.o(x$fpl$fnaninf)
    _fp_init                                 0x0800ad1b   Thumb Code    10  fpinit.o(x$fpl$fpinit)
    __fplib_config_fpu_vfp                   0x0800ad23   Thumb Code     0  fpinit.o(x$fpl$fpinit)
    __fplib_config_pureend_doubles           0x0800ad23   Thumb Code     0  fpinit.o(x$fpl$fpinit)
    __fpl_fretinf                            0x0800ad25   Thumb Code    10  fretinf.o(x$fpl$fretinf)
    _printf_fp_dec                           0x0800ad2f   Thumb Code     4  printf1.o(x$fpl$printf1)
    Arial12x12                               0x0800ad32   Data        2400  lcd.o(.constdata)
    __I$use$fp                               0x0800ad32   Number         0  usenofp.o(x$fpl$usenofp)
    irqRtxLibRef                             0x0800b6f4   Data           4  rtx_lib.o(.constdata)
    osRtxUserSVC                             0x0800b6f8   Data           4  rtx_lib.o(.constdata)
    Driver_I2C1                              0x0800b734   Data          48  i2c_stm32f4xx.o(.constdata)
    Driver_SPI1                              0x0800b7b8   Data          44  spi_stm32f4xx.o(.constdata)
    Driver_USART3                            0x0800b834   Data          56  usart_stm32f4xx.o(.constdata)
    AHBPrescTable                            0x0800b874   Data          16  system_stm32f4xx.o(.constdata)
    APBPrescTable                            0x0800b884   Data           8  system_stm32f4xx.o(.constdata)
    osRtxConfig                              0x0800b934   Data         112  rtx_lib.o(.rodata)
    os_cb_sections                           0x0800b9a4   Data          56  rtx_lib.o(.rodata)
    irqRtxLib                                0x0800b9dc   Number         0  irq_armv7m.o(.rodata)
    Region$$Table$$Base                      0x0800b9ec   Number         0  anon$$obj.o(Region$$Table)
    Region$$Table$$Limit                     0x0800ba0c   Number         0  anon$$obj.o(Region$$Table)
    .bss.os.msgqueue.cb$$Base                0x20008040   Number         0  rtx_lib.o(.bss.os.msgqueue.cb)
    .bss.os.msgqueue.cb$$Limit               0x20008074   Number         0  rtx_lib.o(.bss.os.msgqueue.cb)
    .bss.os.thread.cb$$Base                  0x200080c4   Number         0  rtx_lib.o(.bss.os.thread.cb)
    .bss.os.thread.cb$$Limit                 0x2000814c   Number         0  rtx_lib.o(.bss.os.thread.cb)
    tid_Thread_principal                     0x20008574   Data           4  principal.o(.data)
    temp_ref_configurable                    0x200085a4   Data           4  principal.o(.data)
    duty_cycle                               0x200085a8   Data           4  principal.o(.data)
    g_hora                                   0x200085c4   Data           1  hora.o(.data)
    g_minutos                                0x200085c5   Data           1  hora.o(.data)
    g_segundos                               0x200085c6   Data           1  hora.o(.data)
    SPIdrv                                   0x200085f8   Data           4  lcd.o(.data)
    uwTick                                   0x20008630   Data           4  stm32f4xx_hal.o(.data)
    uwTickPrio                               0x20008634   Data           4  stm32f4xx_hal.o(.data)
    uwTickFreq                               0x20008638   Data           1  stm32f4xx_hal.o(.data)
    SystemCoreClock                          0x2000863c   Data           4  system_stm32f4xx.o(.data)
    osRtxInfo                                0x20008640   Data         164  rtx_kernel.o(.data.os)
    tim7                                     0x2000882c   Data          64  lcd.o(.bss)
    buffer                                   0x2000886c   Data         512  lcd.o(.bss)
    htim1                                    0x20008a80   Data          64  pwm.o(.bss)
    __libspace_start                         0x20008b7c   Data          96  libspace.o(.bss)
    __temporary_stack_top$libspace           0x20008bdc   Data           0  libspace.o(.bss)



==============================================================================

Memory Map of the image

  Image Entry point : 0x080001ad

  Load Region LR_IROM1 (Base: 0x08000000, Size: 0x0001410c, Max: 0x00200000, ABSOLUTE, COMPRESSED[0x0000bb54])

    Execution Region ER_IROM1 (Exec base: 0x08000000, Load base: 0x08000000, Size: 0x0000ba28, Max: 0x00200000, ABSOLUTE)

    Exec Addr    Load Addr    Size         Type   Attr      Idx    E Section Name        Object

    0x08000000   0x08000000   0x000001ac   Data   RO         4610    RESET               startup_stm32f429xx.o
    0x080001ac   0x080001ac   0x00000008   Code   RO         5192  * !!!main             c_w.l(__main.o)
    0x080001b4   0x080001b4   0x00000034   Code   RO         5448    !!!scatter          c_w.l(__scatter.o)
    0x080001e8   0x080001e8   0x0000003a   Code   RO         5446    !!dczerorl          c_w.l(__dczerorl.o)
    0x08000222   0x08000222   0x00000002   PAD
    0x08000224   0x08000224   0x0000001c   Code   RO         5450    !!handler_zi        c_w.l(__scatter_zi.o)
    0x08000240   0x08000240   0x00000000   Code   RO         5179    .ARM.Collect$$_printf_percent$$00000000  c_w.l(_printf_percent.o)
    0x08000240   0x08000240   0x00000006   Code   RO         5178    .ARM.Collect$$_printf_percent$$00000003  c_w.l(_printf_f.o)
    0x08000246   0x08000246   0x00000006   Code   RO         5176    .ARM.Collect$$_printf_percent$$00000009  c_w.l(_printf_d.o)
    0x0800024c   0x0800024c   0x00000006   Code   RO         5177    .ARM.Collect$$_printf_percent$$0000000A  c_w.l(_printf_u.o)
    0x08000252   0x08000252   0x00000004   Code   RO         5225    .ARM.Collect$$_printf_percent$$00000017  c_w.l(_printf_percent_end.o)
    0x08000256   0x08000256   0x00000002   Code   RO         5317    .ARM.Collect$$libinit$$00000000  c_w.l(libinit.o)
    0x08000258   0x08000258   0x00000004   Code   RO         5318    .ARM.Collect$$libinit$$00000001  c_w.l(libinit2.o)
    0x0800025c   0x0800025c   0x00000000   Code   RO         5321    .ARM.Collect$$libinit$$00000004  c_w.l(libinit2.o)
    0x0800025c   0x0800025c   0x00000000   Code   RO         5324    .ARM.Collect$$libinit$$0000000A  c_w.l(libinit2.o)
    0x0800025c   0x0800025c   0x00000000   Code   RO         5326    .ARM.Collect$$libinit$$0000000C  c_w.l(libinit2.o)
    0x0800025c   0x0800025c   0x00000000   Code   RO         5328    .ARM.Collect$$libinit$$0000000E  c_w.l(libinit2.o)
    0x0800025c   0x0800025c   0x00000006   Code   RO         5329    .ARM.Collect$$libinit$$0000000F  c_w.l(libinit2.o)
    0x08000262   0x08000262   0x00000000   Code   RO         5331    .ARM.Collect$$libinit$$00000011  c_w.l(libinit2.o)
    0x08000262   0x08000262   0x00000000   Code   RO         5333    .ARM.Collect$$libinit$$00000013  c_w.l(libinit2.o)
    0x08000262   0x08000262   0x00000000   Code   RO         5335    .ARM.Collect$$libinit$$00000015  c_w.l(libinit2.o)
    0x08000262   0x08000262   0x0000000a   Code   RO         5336    .ARM.Collect$$libinit$$00000016  c_w.l(libinit2.o)
    0x0800026c   0x0800026c   0x00000000   Code   RO         5337    .ARM.Collect$$libinit$$00000017  c_w.l(libinit2.o)
    0x0800026c   0x0800026c   0x00000000   Code   RO         5339    .ARM.Collect$$libinit$$00000019  c_w.l(libinit2.o)
    0x0800026c   0x0800026c   0x00000000   Code   RO         5341    .ARM.Collect$$libinit$$0000001B  c_w.l(libinit2.o)
    0x0800026c   0x0800026c   0x00000000   Code   RO         5343    .ARM.Collect$$libinit$$0000001D  c_w.l(libinit2.o)
    0x0800026c   0x0800026c   0x00000000   Code   RO         5345    .ARM.Collect$$libinit$$0000001F  c_w.l(libinit2.o)
    0x0800026c   0x0800026c   0x00000000   Code   RO         5347    .ARM.Collect$$libinit$$00000021  c_w.l(libinit2.o)
    0x0800026c   0x0800026c   0x00000000   Code   RO         5349    .ARM.Collect$$libinit$$00000023  c_w.l(libinit2.o)
    0x0800026c   0x0800026c   0x00000000   Code   RO         5351    .ARM.Collect$$libinit$$00000025  c_w.l(libinit2.o)
    0x0800026c   0x0800026c   0x00000000   Code   RO         5355    .ARM.Collect$$libinit$$0000002C  c_w.l(libinit2.o)
    0x0800026c   0x0800026c   0x00000000   Code   RO         5357    .ARM.Collect$$libinit$$0000002E  c_w.l(libinit2.o)
    0x0800026c   0x0800026c   0x00000000   Code   RO         5359    .ARM.Collect$$libinit$$00000030  c_w.l(libinit2.o)
    0x0800026c   0x0800026c   0x00000000   Code   RO         5361    .ARM.Collect$$libinit$$00000032  c_w.l(libinit2.o)
    0x0800026c   0x0800026c   0x00000002   Code   RO         5362    .ARM.Collect$$libinit$$00000033  c_w.l(libinit2.o)
    0x0800026e   0x0800026e   0x00000002   Code   RO         5409    .ARM.Collect$$libshutdown$$00000000  c_w.l(libshutdown.o)
    0x08000270   0x08000270   0x00000000   Code   RO         5427    .ARM.Collect$$libshutdown$$00000002  c_w.l(libshutdown2.o)
    0x08000270   0x08000270   0x00000000   Code   RO         5429    .ARM.Collect$$libshutdown$$00000004  c_w.l(libshutdown2.o)
    0x08000270   0x08000270   0x00000000   Code   RO         5431    .ARM.Collect$$libshutdown$$00000006  c_w.l(libshutdown2.o)
    0x08000270   0x08000270   0x00000000   Code   RO         5434    .ARM.Collect$$libshutdown$$00000009  c_w.l(libshutdown2.o)
    0x08000270   0x08000270   0x00000000   Code   RO         5437    .ARM.Collect$$libshutdown$$0000000C  c_w.l(libshutdown2.o)
    0x08000270   0x08000270   0x00000000   Code   RO         5439    .ARM.Collect$$libshutdown$$0000000E  c_w.l(libshutdown2.o)
    0x08000270   0x08000270   0x00000000   Code   RO         5442    .ARM.Collect$$libshutdown$$00000011  c_w.l(libshutdown2.o)
    0x08000270   0x08000270   0x00000002   Code   RO         5443    .ARM.Collect$$libshutdown$$00000012  c_w.l(libshutdown2.o)
    0x08000272   0x08000272   0x00000000   Code   RO         5210    .ARM.Collect$$rtentry$$00000000  c_w.l(__rtentry.o)
    0x08000272   0x08000272   0x00000000   Code   RO         5238    .ARM.Collect$$rtentry$$00000002  c_w.l(__rtentry2.o)
    0x08000272   0x08000272   0x00000006   Code   RO         5250    .ARM.Collect$$rtentry$$00000004  c_w.l(__rtentry4.o)
    0x08000278   0x08000278   0x00000008   Code   RO         5239    .ARM.Collect$$rtentry$$00000008  c_w.l(__rtentry2.o)
    0x08000280   0x08000280   0x00000004   Code   RO         5241    .ARM.Collect$$rtentry$$0000000A  c_w.l(__rtentry2.o)
    0x08000284   0x08000284   0x00000000   Code   RO         5243    .ARM.Collect$$rtentry$$0000000C  c_w.l(__rtentry2.o)
    0x08000284   0x08000284   0x00000008   Code   RO         5244    .ARM.Collect$$rtentry$$0000000D  c_w.l(__rtentry2.o)
    0x0800028c   0x0800028c   0x00000002   Code   RO         5363    .ARM.Collect$$rtexit$$00000000  c_w.l(rtexit.o)
    0x0800028e   0x0800028e   0x00000000   Code   RO         5378    .ARM.Collect$$rtexit$$00000002  c_w.l(rtexit2.o)
    0x0800028e   0x0800028e   0x00000004   Code   RO         5379    .ARM.Collect$$rtexit$$00000003  c_w.l(rtexit2.o)
    0x08000292   0x08000292   0x00000006   Code   RO         5380    .ARM.Collect$$rtexit$$00000004  c_w.l(rtexit2.o)
    0x08000298   0x08000298   0x00000040   Code   RO         4611    .text               startup_stm32f429xx.o
    0x080002d8   0x080002d8   0x000000c8   Code   RO         5024    .text               RTX_CM4F.lib(irq_armv7m.o)
    0x080003a0   0x080003a0   0x000000ee   Code   RO         5140    .text               c_w.l(lludivv7m.o)
    0x0800048e   0x0800048e   0x00000002   PAD
    0x08000490   0x08000490   0x00000028   Code   RO         5146    .text               c_w.l(noretval__2sprintf.o)
    0x080004b8   0x080004b8   0x00000078   Code   RO         5154    .text               c_w.l(_printf_dec.o)
    0x08000530   0x08000530   0x00000188   Code   RO         5173    .text               c_w.l(__printf_flags_ss_wp.o)
    0x080006b8   0x080006b8   0x0000003e   Code   RO         5180    .text               c_w.l(strlen.o)
    0x080006f6   0x080006f6   0x0000008a   Code   RO         5182    .text               c_w.l(rt_memcpy_v6.o)
    0x08000780   0x08000780   0x00000064   Code   RO         5184    .text               c_w.l(rt_memcpy_w.o)
    0x080007e4   0x080007e4   0x00000044   Code   RO         5186    .text               c_w.l(rt_memclr.o)
    0x08000828   0x08000828   0x0000004e   Code   RO         5188    .text               c_w.l(rt_memclr_w.o)
    0x08000876   0x08000876   0x00000006   Code   RO         5190    .text               c_w.l(heapauxi.o)
    0x0800087c   0x0800087c   0x000000b2   Code   RO         5215    .text               c_w.l(_printf_intcommon.o)
    0x0800092e   0x0800092e   0x0000041e   Code   RO         5217    .text               c_w.l(_printf_fp_dec.o)
    0x08000d4c   0x08000d4c   0x00000030   Code   RO         5219    .text               c_w.l(_printf_char_common.o)
    0x08000d7c   0x08000d7c   0x0000000a   Code   RO         5221    .text               c_w.l(_sputc.o)
    0x08000d86   0x08000d86   0x0000000a   Code   RO         5259    .text               c_w.l(rt_locale_twolibspace.o)
    0x08000d90   0x08000d90   0x0000008a   Code   RO         5261    .text               c_w.l(lludiv10.o)
    0x08000e1a   0x08000e1a   0x00000002   PAD
    0x08000e1c   0x08000e1c   0x00000080   Code   RO         5263    .text               c_w.l(_printf_fp_infnan.o)
    0x08000e9c   0x08000e9c   0x000000e4   Code   RO         5267    .text               c_w.l(bigflt0.o)
    0x08000f80   0x08000f80   0x00000008   Code   RO         5301    .text               c_w.l(libspace.o)
    0x08000f88   0x08000f88   0x0000004a   Code   RO         5304    .text               c_w.l(sys_stackheap_outer.o)
    0x08000fd2   0x08000fd2   0x00000012   Code   RO         5306    .text               c_w.l(exit.o)
    0x08000fe4   0x08000fe4   0x00000080   Code   RO         5312    .text               c_w.l(strcmpv7m.o)
    0x08001064   0x08001064   0x0000000c   Code   RO         5375    .text               c_w.l(sys_exit.o)
    0x08001070   0x08001070   0x00000002   Code   RO         5396    .text               c_w.l(use_no_semi.o)
    0x08001072   0x08001072   0x00000000   Code   RO         5398    .text               c_w.l(indicate_semi.o)
    0x08001072   0x08001072   0x00000040   Code   RO         5007    .text.MessageQueueGet  RTX_CM4F.lib(rtx_msgqueue.o)
    0x080010b2   0x080010b2   0x00000058   Code   RO         5001    .text.MessageQueuePut  RTX_CM4F.lib(rtx_msgqueue.o)
    0x0800110a   0x0800110a   0x0000001c   Code   RO         4999    .text.MessageQueueRemove  RTX_CM4F.lib(rtx_msgqueue.o)
    0x08001126   0x08001126   0x00000002   PAD
    0x08001128   0x08001128   0x0000000c   Code   RO         5118    .text.OS_Tick_AcknowledgeIRQ  RTX_CM4F.lib(os_systick.o)
    0x08001134   0x08001134   0x0000002c   Code   RO         5114    .text.OS_Tick_Enable  RTX_CM4F.lib(os_systick.o)
    0x08001160   0x08001160   0x00000006   Code   RO         5120    .text.OS_Tick_GetIRQn  RTX_CM4F.lib(os_systick.o)
    0x08001166   0x08001166   0x00000002   PAD
    0x08001168   0x08001168   0x00000040   Code   RO         5112    .text.OS_Tick_Setup  RTX_CM4F.lib(os_systick.o)
    0x080011a8   0x080011a8   0x0000000c   Code   RO         4711    .text.OUTLINED_FUNCTION_0  RTX_CM4F.lib(rtx_kernel.o)
    0x080011b4   0x080011b4   0x00000006   Code   RO         4853    .text.OUTLINED_FUNCTION_0  RTX_CM4F.lib(rtx_thread.o)
    0x080011ba   0x080011ba   0x0000000c   Code   RO         5015    .text.OUTLINED_FUNCTION_0  RTX_CM4F.lib(rtx_msgqueue.o)
    0x080011c6   0x080011c6   0x00000006   Code   RO         4713    .text.OUTLINED_FUNCTION_1  RTX_CM4F.lib(rtx_kernel.o)
    0x080011cc   0x080011cc   0x00000064   Code   RO         4805    .text.ThreadFlagsCheck  RTX_CM4F.lib(rtx_thread.o)
    0x08001230   0x08001230   0x00000048   Code   RO         4905    .text.TimerInsert   RTX_CM4F.lib(rtx_timer.o)
    0x08001278   0x08001278   0x00000028   Code   RO         4913    .text.TimerRemove   RTX_CM4F.lib(rtx_timer.o)
    0x080012a0   0x080012a0   0x00000024   Code   RO         4871    .text.osDelay       RTX_CM4F.lib(rtx_delay.o)
    0x080012c4   0x080012c4   0x00000030   Code   RO         4663    .text.osKernelGetState  RTX_CM4F.lib(rtx_kernel.o)
    0x080012f4   0x080012f4   0x00000028   Code   RO         4679    .text.osKernelGetTickCount  RTX_CM4F.lib(rtx_kernel.o)
    0x0800131c   0x0800131c   0x0000002c   Code   RO         4657    .text.osKernelInitialize  RTX_CM4F.lib(rtx_kernel.o)
    0x08001348   0x08001348   0x00000024   Code   RO         4667    .text.osKernelStart  RTX_CM4F.lib(rtx_kernel.o)
    0x0800136c   0x0800136c   0x00000070   Code   RO         4975    .text.osMessageQueueGet  RTX_CM4F.lib(rtx_msgqueue.o)
    0x080013dc   0x080013dc   0x00000024   Code   RO         4969    .text.osMessageQueueNew  RTX_CM4F.lib(rtx_msgqueue.o)
    0x08001400   0x08001400   0x00000080   Code   RO         4973    .text.osMessageQueuePut  RTX_CM4F.lib(rtx_msgqueue.o)
    0x08001480   0x08001480   0x00000024   Code   RO         4937    .text.osMutexAcquire  RTX_CM4F.lib(rtx_mutex.o)
    0x080014a4   0x080014a4   0x00000024   Code   RO         4943    .text.osMutexDelete  RTX_CM4F.lib(rtx_mutex.o)
    0x080014c8   0x080014c8   0x00000024   Code   RO         4933    .text.osMutexNew    RTX_CM4F.lib(rtx_mutex.o)
    0x080014ec   0x080014ec   0x00000024   Code   RO         4939    .text.osMutexRelease  RTX_CM4F.lib(rtx_mutex.o)
    0x08001510   0x08001510   0x00000004   Code   RO         4655    .text.osRtxKernelErrorNotify  RTX_CM4F.lib(rtx_kernel.o)
    0x08001514   0x08001514   0x00000002   Code   RO         4653    .text.osRtxKernelPreInit  RTX_CM4F.lib(rtx_kernel.o)
    0x08001516   0x08001516   0x0000006c   Code   RO         5034    .text.osRtxMemoryAlloc  RTX_CM4F.lib(rtx_memory.o)
    0x08001582   0x08001582   0x00000042   Code   RO         5036    .text.osRtxMemoryFree  RTX_CM4F.lib(rtx_memory.o)
    0x080015c4   0x080015c4   0x00000036   Code   RO         5032    .text.osRtxMemoryInit  RTX_CM4F.lib(rtx_memory.o)
    0x080015fa   0x080015fa   0x0000003a   Code   RO         5048    .text.osRtxMemoryPoolAlloc  RTX_CM4F.lib(rtx_mempool.o)
    0x08001634   0x08001634   0x0000004a   Code   RO         5050    .text.osRtxMemoryPoolFree  RTX_CM4F.lib(rtx_mempool.o)
    0x0800167e   0x0800167e   0x00000038   Code   RO         5046    .text.osRtxMemoryPoolInit  RTX_CM4F.lib(rtx_mempool.o)
    0x080016b6   0x080016b6   0x000000aa   Code   RO         4997    .text.osRtxMessageQueuePostProcess  RTX_CM4F.lib(rtx_msgqueue.o)
    0x08001760   0x08001760   0x00000028   Code   RO         4965    .text.osRtxMessageQueueTimerSetup  RTX_CM4F.lib(rtx_msgqueue.o)
    0x08001788   0x08001788   0x00000048   Code   RO         4929    .text.osRtxMutexOwnerRelease  RTX_CM4F.lib(rtx_mutex.o)
    0x080017d0   0x080017d0   0x00000042   Code   RO         4931    .text.osRtxMutexOwnerRestore  RTX_CM4F.lib(rtx_mutex.o)
    0x08001812   0x08001812   0x00000002   PAD
    0x08001814   0x08001814   0x0000008c   Code   RO         5100    .text.osRtxPendSV_Handler  RTX_CM4F.lib(rtx_system.o)
    0x080018a0   0x080018a0   0x00000074   Code   RO         5102    .text.osRtxPostProcess  RTX_CM4F.lib(rtx_system.o)
    0x08001914   0x08001914   0x00000038   Code   RO         4745    .text.osRtxThreadBlock  RTX_CM4F.lib(rtx_thread.o)
    0x0800194c   0x0800194c   0x00000080   Code   RO         4753    .text.osRtxThreadDelayInsert  RTX_CM4F.lib(rtx_thread.o)
    0x080019cc   0x080019cc   0x00000040   Code   RO         4749    .text.osRtxThreadDelayRemove  RTX_CM4F.lib(rtx_thread.o)
    0x08001a0c   0x08001a0c   0x0000004c   Code   RO         4735    .text.osRtxThreadDelayTick  RTX_CM4F.lib(rtx_thread.o)
    0x08001a58   0x08001a58   0x00000024   Code   RO         4837    .text.osRtxThreadDestroy  RTX_CM4F.lib(rtx_thread.o)
    0x08001a7c   0x08001a7c   0x00000054   Code   RO         4743    .text.osRtxThreadDispatch  RTX_CM4F.lib(rtx_thread.o)
    0x08001ad0   0x08001ad0   0x00000058   Code   RO         4829    .text.osRtxThreadFree  RTX_CM4F.lib(rtx_thread.o)
    0x08001b28   0x08001b28   0x0000001e   Code   RO         4835    .text.osRtxThreadJoinWakeup  RTX_CM4F.lib(rtx_thread.o)
    0x08001b46   0x08001b46   0x00000012   Code   RO         4727    .text.osRtxThreadListGet  RTX_CM4F.lib(rtx_thread.o)
    0x08001b58   0x08001b58   0x0000002c   Code   RO         4725    .text.osRtxThreadListPut  RTX_CM4F.lib(rtx_thread.o)
    0x08001b84   0x08001b84   0x00000014   Code   RO         4731    .text.osRtxThreadListRemove  RTX_CM4F.lib(rtx_thread.o)
    0x08001b98   0x08001b98   0x0000000c   Code   RO         4737    .text.osRtxThreadListRoot  RTX_CM4F.lib(rtx_thread.o)
    0x08001ba4   0x08001ba4   0x00000026   Code   RO         4729    .text.osRtxThreadListSort  RTX_CM4F.lib(rtx_thread.o)
    0x08001bca   0x08001bca   0x00000028   Code   RO         4803    .text.osRtxThreadPostProcess  RTX_CM4F.lib(rtx_thread.o)
    0x08001bf2   0x08001bf2   0x00000002   PAD
    0x08001bf4   0x08001bf4   0x00000014   Code   RO         4733    .text.osRtxThreadReadyPut  RTX_CM4F.lib(rtx_thread.o)
    0x08001c08   0x08001c08   0x00000014   Code   RO         4739    .text.osRtxThreadRegPtr  RTX_CM4F.lib(rtx_thread.o)
    0x08001c1c   0x08001c1c   0x0000003c   Code   RO         4755    .text.osRtxThreadStartup  RTX_CM4F.lib(rtx_thread.o)
    0x08001c58   0x08001c58   0x00000010   Code   RO         4741    .text.osRtxThreadSwitch  RTX_CM4F.lib(rtx_thread.o)
    0x08001c68   0x08001c68   0x0000003c   Code   RO         4751    .text.osRtxThreadWaitEnter  RTX_CM4F.lib(rtx_thread.o)
    0x08001ca4   0x08001ca4   0x00000030   Code   RO         4747    .text.osRtxThreadWaitExit  RTX_CM4F.lib(rtx_thread.o)
    0x08001cd4   0x08001cd4   0x00000078   Code   RO         5098    .text.osRtxTick_Handler  RTX_CM4F.lib(rtx_system.o)
    0x08001d4c   0x08001d4c   0x00000020   Code   RO         4887    .text.osRtxTimerSetup  RTX_CM4F.lib(rtx_timer.o)
    0x08001d6c   0x08001d6c   0x00000020   Code   RO         4891    .text.osRtxTimerThread  RTX_CM4F.lib(rtx_timer.o)
    0x08001d8c   0x08001d8c   0x00000070   Code   RO         4889    .text.osRtxTimerTick  RTX_CM4F.lib(rtx_timer.o)
    0x08001dfc   0x08001dfc   0x0000000c   Code   RO         4787    .text.osThreadExit  RTX_CM4F.lib(rtx_thread.o)
    0x08001e08   0x08001e08   0x00000058   Code   RO         4795    .text.osThreadFlagsSet  RTX_CM4F.lib(rtx_thread.o)
    0x08001e60   0x08001e60   0x00000024   Code   RO         4801    .text.osThreadFlagsWait  RTX_CM4F.lib(rtx_thread.o)
    0x08001e84   0x08001e84   0x00000024   Code   RO         4759    .text.osThreadNew   RTX_CM4F.lib(rtx_thread.o)
    0x08001ea8   0x08001ea8   0x00000024   Code   RO         4893    .text.osTimerNew    RTX_CM4F.lib(rtx_timer.o)
    0x08001ecc   0x08001ecc   0x00000024   Code   RO         4897    .text.osTimerStart  RTX_CM4F.lib(rtx_timer.o)
    0x08001ef0   0x08001ef0   0x00000016   Code   RO         4875    .text.svcRtxDelay   RTX_CM4F.lib(rtx_delay.o)
    0x08001f06   0x08001f06   0x00000002   PAD
    0x08001f08   0x08001f08   0x0000000c   Code   RO         4665    .text.svcRtxKernelGetState  RTX_CM4F.lib(rtx_kernel.o)
    0x08001f14   0x08001f14   0x0000000c   Code   RO         4681    .text.svcRtxKernelGetTickCount  RTX_CM4F.lib(rtx_kernel.o)
    0x08001f20   0x08001f20   0x00000100   Code   RO         4695    .text.svcRtxKernelInitialize  RTX_CM4F.lib(rtx_kernel.o)
    0x08002020   0x08002020   0x00000088   Code   RO         4697    .text.svcRtxKernelStart  RTX_CM4F.lib(rtx_kernel.o)
    0x080020a8   0x080020a8   0x000000d8   Code   RO         5009    .text.svcRtxMessageQueueGet  RTX_CM4F.lib(rtx_msgqueue.o)
    0x08002180   0x08002180   0x00000118   Code   RO         4967    .text.svcRtxMessageQueueNew  RTX_CM4F.lib(rtx_msgqueue.o)
    0x08002298   0x08002298   0x000000b4   Code   RO         5005    .text.svcRtxMessageQueuePut  RTX_CM4F.lib(rtx_msgqueue.o)
    0x0800234c   0x0800234c   0x00000090   Code   RO         4949    .text.svcRtxMutexAcquire  RTX_CM4F.lib(rtx_mutex.o)
    0x080023dc   0x080023dc   0x000000b0   Code   RO         4955    .text.svcRtxMutexDelete  RTX_CM4F.lib(rtx_mutex.o)
    0x0800248c   0x0800248c   0x00000068   Code   RO         4945    .text.svcRtxMutexNew  RTX_CM4F.lib(rtx_mutex.o)
    0x080024f4   0x080024f4   0x000000b4   Code   RO         4951    .text.svcRtxMutexRelease  RTX_CM4F.lib(rtx_mutex.o)
    0x080025a8   0x080025a8   0x0000004c   Code   RO         4833    .text.svcRtxThreadExit  RTX_CM4F.lib(rtx_thread.o)
    0x080025f4   0x080025f4   0x00000066   Code   RO         4845    .text.svcRtxThreadFlagsSet  RTX_CM4F.lib(rtx_thread.o)
    0x0800265a   0x0800265a   0x00000002   PAD
    0x0800265c   0x0800265c   0x0000004c   Code   RO         4851    .text.svcRtxThreadFlagsWait  RTX_CM4F.lib(rtx_thread.o)
    0x080026a8   0x080026a8   0x000001ec   Code   RO         4757    .text.svcRtxThreadNew  RTX_CM4F.lib(rtx_thread.o)
    0x08002894   0x08002894   0x00000078   Code   RO         4907    .text.svcRtxTimerNew  RTX_CM4F.lib(rtx_timer.o)
    0x0800290c   0x0800290c   0x00000048   Code   RO         4911    .text.svcRtxTimerStart  RTX_CM4F.lib(rtx_timer.o)
    0x08002954   0x08002954   0x0000003e   Code   RO         5270    CL$$btod_d2e        c_w.l(btod.o)
    0x08002992   0x08002992   0x00000046   Code   RO         5272    CL$$btod_d2e_denorm_low  c_w.l(btod.o)
    0x080029d8   0x080029d8   0x00000060   Code   RO         5271    CL$$btod_d2e_norm_op1  c_w.l(btod.o)
    0x08002a38   0x08002a38   0x00000338   Code   RO         5280    CL$$btod_div_common  c_w.l(btod.o)
    0x08002d70   0x08002d70   0x000000dc   Code   RO         5277    CL$$btod_e2e        c_w.l(btod.o)
    0x08002e4c   0x08002e4c   0x0000002a   Code   RO         5274    CL$$btod_ediv       c_w.l(btod.o)
    0x08002e76   0x08002e76   0x0000002a   Code   RO         5273    CL$$btod_emul       c_w.l(btod.o)
    0x08002ea0   0x08002ea0   0x00000244   Code   RO         5279    CL$$btod_mult_common  c_w.l(btod.o)
    0x080030e4   0x080030e4   0x00000084   Code   RO          612    i.ADC1_pins_F429ZI_config  pot.o
    0x08003168   0x08003168   0x00000160   Code   RO         1577    i.ADC_Init          stm32f4xx_hal_adc.o
    0x080032c8   0x080032c8   0x00000048   Code   RO          613    i.ADC_Init_Single_Conversion  pot.o
    0x08003310   0x08003310   0x0000008c   Code   RO          614    i.ADC_getVoltage    pot.o
    0x0800339c   0x0800339c   0x00000034   Code   RO         1989    i.DMA_CalcBaseAndBitshift  stm32f4xx_hal_dma.o
    0x080033d0   0x080033d0   0x000000aa   Code   RO         1990    i.DMA_CheckFifoParam  stm32f4xx_hal_dma.o
    0x0800347a   0x0800347a   0x0000002c   Code   RO         1991    i.DMA_SetConfig     stm32f4xx_hal_dma.o
    0x080034a6   0x080034a6   0x00000002   PAD
    0x080034a8   0x080034a8   0x0000009c   Code   RO         1024    i.Disable_SPI_Clock  spi_stm32f4xx.o
    0x08003544   0x08003544   0x00000034   Code   RO          175    i.EXTI15_10_IRQHandler  joystick.o
    0x08003578   0x08003578   0x000001d8   Code   RO          856    i.Enable_GPIO_Clock  i2c_stm32f4xx.o
    0x08003750   0x08003750   0x000001d8   Code   RO         1025    i.Enable_GPIO_Clock  spi_stm32f4xx.o
    0x08003928   0x08003928   0x00000184   Code   RO         1194    i.Enable_GPIO_Clock  usart_stm32f4xx.o
    0x08003aac   0x08003aac   0x0000010c   Code   RO         1026    i.Enable_SPI_Clock  spi_stm32f4xx.o
    0x08003bb8   0x08003bb8   0x00000004   Code   RO            4    i.Error_Handler     main.o
    0x08003bbc   0x08003bbc   0x000001a4   Code   RO         1579    i.HAL_ADC_ConfigChannel  stm32f4xx_hal_adc.o
    0x08003d60   0x08003d60   0x00000008   Code   RO         1586    i.HAL_ADC_GetValue  stm32f4xx_hal_adc.o
    0x08003d68   0x08003d68   0x00000068   Code   RO         1588    i.HAL_ADC_Init      stm32f4xx_hal_adc.o
    0x08003dd0   0x08003dd0   0x00000002   Code   RO         1591    i.HAL_ADC_MspInit   stm32f4xx_hal_adc.o
    0x08003dd2   0x08003dd2   0x000000c2   Code   RO         1592    i.HAL_ADC_PollForConversion  stm32f4xx_hal_adc.o
    0x08003e94   0x08003e94   0x0000013c   Code   RO         1594    i.HAL_ADC_Start     stm32f4xx_hal_adc.o
    0x08003fd0   0x08003fd0   0x000000aa   Code   RO         1992    i.HAL_DMA_Abort     stm32f4xx_hal_dma.o
    0x0800407a   0x0800407a   0x00000028   Code   RO         1993    i.HAL_DMA_Abort_IT  stm32f4xx_hal_dma.o
    0x080040a2   0x080040a2   0x00000002   PAD
    0x080040a4   0x080040a4   0x000000ec   Code   RO         1998    i.HAL_DMA_Init      stm32f4xx_hal_dma.o
    0x08004190   0x08004190   0x00000092   Code   RO         2002    i.HAL_DMA_Start_IT  stm32f4xx_hal_dma.o
    0x08004222   0x08004222   0x00000002   PAD
    0x08004224   0x08004224   0x00000028   Code   RO         1383    i.HAL_Delay         stm32f4xx_hal.o
    0x0800424c   0x0800424c   0x00000180   Code   RO         2136    i.HAL_GPIO_DeInit   stm32f4xx_hal_gpio.o
    0x080043cc   0x080043cc   0x000000a4   Code   RO          176    i.HAL_GPIO_EXTI_Callback  joystick.o
    0x08004470   0x08004470   0x0000001c   Code   RO         2138    i.HAL_GPIO_EXTI_IRQHandler  stm32f4xx_hal_gpio.o
    0x0800448c   0x0800448c   0x0000021c   Code   RO         2139    i.HAL_GPIO_Init     stm32f4xx_hal_gpio.o
    0x080046a8   0x080046a8   0x00000010   Code   RO         2141    i.HAL_GPIO_ReadPin  stm32f4xx_hal_gpio.o
    0x080046b8   0x080046b8   0x0000000c   Code   RO         2143    i.HAL_GPIO_WritePin  stm32f4xx_hal_gpio.o
    0x080046c4   0x080046c4   0x0000000c   Code   RO         1390    i.HAL_GetREVID      stm32f4xx_hal.o
    0x080046d0   0x080046d0   0x0000004c   Code   RO            5    i.HAL_GetTick       main.o
    0x0800471c   0x0800471c   0x00000030   Code   RO         1398    i.HAL_Init          stm32f4xx_hal.o
    0x0800474c   0x0800474c   0x0000004c   Code   RO         1399    i.HAL_InitTick      stm32f4xx_hal.o
    0x08004798   0x08004798   0x00000002   Code   RO         1401    i.HAL_MspInit       stm32f4xx_hal.o
    0x0800479a   0x0800479a   0x00000002   PAD
    0x0800479c   0x0800479c   0x00000024   Code   RO         1852    i.HAL_NVIC_ClearPendingIRQ  stm32f4xx_hal_cortex.o
    0x080047c0   0x080047c0   0x0000002c   Code   RO         1853    i.HAL_NVIC_DisableIRQ  stm32f4xx_hal_cortex.o
    0x080047ec   0x080047ec   0x00000028   Code   RO         1854    i.HAL_NVIC_EnableIRQ  stm32f4xx_hal_cortex.o
    0x08004814   0x08004814   0x0000007c   Code   RO         1860    i.HAL_NVIC_SetPriority  stm32f4xx_hal_cortex.o
    0x08004890   0x08004890   0x00000028   Code   RO         1861    i.HAL_NVIC_SetPriorityGrouping  stm32f4xx_hal_cortex.o
    0x080048b8   0x080048b8   0x00000184   Code   RO         2897    i.HAL_RCC_ClockConfig  stm32f4xx_hal_rcc.o
    0x08004a3c   0x08004a3c   0x0000000c   Code   RO         2902    i.HAL_RCC_GetHCLKFreq  stm32f4xx_hal_rcc.o
    0x08004a48   0x08004a48   0x00000020   Code   RO         2904    i.HAL_RCC_GetPCLK1Freq  stm32f4xx_hal_rcc.o
    0x08004a68   0x08004a68   0x00000020   Code   RO         2905    i.HAL_RCC_GetPCLK2Freq  stm32f4xx_hal_rcc.o
    0x08004a88   0x08004a88   0x000000b0   Code   RO         2906    i.HAL_RCC_GetSysClockFreq  stm32f4xx_hal_rcc.o
    0x08004b38   0x08004b38   0x00000488   Code   RO         2909    i.HAL_RCC_OscConfig  stm32f4xx_hal_rcc.o
    0x08004fc0   0x08004fc0   0x00000034   Code   RO         1865    i.HAL_SYSTICK_Config  stm32f4xx_hal_cortex.o
    0x08004ff4   0x08004ff4   0x00000046   Code   RO         3406    i.HAL_TIM_Base_DeInit  stm32f4xx_hal_tim.o
    0x0800503a   0x0800503a   0x00000034   Code   RO         3408    i.HAL_TIM_Base_Init  stm32f4xx_hal_tim.o
    0x0800506e   0x0800506e   0x00000002   Code   RO         3409    i.HAL_TIM_Base_MspDeInit  stm32f4xx_hal_tim.o
    0x08005070   0x08005070   0x00000002   Code   RO         3410    i.HAL_TIM_Base_MspInit  stm32f4xx_hal_tim.o
    0x08005072   0x08005072   0x0000002a   Code   RO         3411    i.HAL_TIM_Base_Start  stm32f4xx_hal_tim.o
    0x0800509c   0x0800509c   0x00000038   Code   RO         3414    i.HAL_TIM_Base_Stop  stm32f4xx_hal_tim.o
    0x080050d4   0x080050d4   0x00000108   Code   RO         3475    i.HAL_TIM_PWM_ConfigChannel  stm32f4xx_hal_tim.o
    0x080051dc   0x080051dc   0x00000034   Code   RO         3478    i.HAL_TIM_PWM_Init  stm32f4xx_hal_tim.o
    0x08005210   0x08005210   0x00000002   Code   RO         3480    i.HAL_TIM_PWM_MspInit  stm32f4xx_hal_tim.o
    0x08005212   0x08005212   0x00000002   PAD
    0x08005214   0x08005214   0x00000058   Code   RO         3483    i.HAL_TIM_PWM_Start  stm32f4xx_hal_tim.o
    0x0800526c   0x0800526c   0x00000088   Code   RO         3486    i.HAL_TIM_PWM_Stop  stm32f4xx_hal_tim.o
    0x080052f4   0x080052f4   0x00000032   Code   RO         3491    i.HAL_TIM_ReadCapturedValue  stm32f4xx_hal_tim.o
    0x08005326   0x08005326   0x00000002   PAD
    0x08005328   0x08005328   0x00000018   Code   RO          857    i.I2C1_Control      i2c_stm32f4xx.o
    0x08005340   0x08005340   0x00000010   Code   RO          858    i.I2C1_ER_IRQHandler  i2c_stm32f4xx.o
    0x08005350   0x08005350   0x00000010   Code   RO          859    i.I2C1_EV_IRQHandler  i2c_stm32f4xx.o
    0x08005360   0x08005360   0x00000010   Code   RO          860    i.I2C1_GetDataCount  i2c_stm32f4xx.o
    0x08005370   0x08005370   0x00000010   Code   RO          861    i.I2C1_GetStatus    i2c_stm32f4xx.o
    0x08005380   0x08005380   0x00000014   Code   RO          862    i.I2C1_Initialize   i2c_stm32f4xx.o
    0x08005394   0x08005394   0x00000020   Code   RO          863    i.I2C1_MasterReceive  i2c_stm32f4xx.o
    0x080053b4   0x080053b4   0x00000020   Code   RO          864    i.I2C1_MasterTransmit  i2c_stm32f4xx.o
    0x080053d4   0x080053d4   0x00000014   Code   RO          865    i.I2C1_PowerControl  i2c_stm32f4xx.o
    0x080053e8   0x080053e8   0x00000018   Code   RO          866    i.I2C1_SlaveReceive  i2c_stm32f4xx.o
    0x08005400   0x08005400   0x00000018   Code   RO          867    i.I2C1_SlaveTransmit  i2c_stm32f4xx.o
    0x08005418   0x08005418   0x00000010   Code   RO          868    i.I2C1_Uninitialize  i2c_stm32f4xx.o
    0x08005428   0x08005428   0x0000000c   Code   RO          869    i.I2CX_GetCapabilities  i2c_stm32f4xx.o
    0x08005434   0x08005434   0x00000010   Code   RO          870    i.I2CX_GetVersion   i2c_stm32f4xx.o
    0x08005444   0x08005444   0x0000034c   Code   RO          871    i.I2C_Control       i2c_stm32f4xx.o
    0x08005790   0x08005790   0x00000206   Code   RO          872    i.I2C_ER_IRQHandler  i2c_stm32f4xx.o
    0x08005996   0x08005996   0x000006bc   Code   RO          873    i.I2C_EV_IRQHandler  i2c_stm32f4xx.o
    0x08006052   0x08006052   0x00000034   Code   RO          874    i.I2C_GetDataCount  i2c_stm32f4xx.o
    0x08006086   0x08006086   0x00000008   Code   RO          875    i.I2C_GetStatus     i2c_stm32f4xx.o
    0x0800608e   0x0800608e   0x00000002   PAD
    0x08006090   0x08006090   0x000001c0   Code   RO          876    i.I2C_Initialize    i2c_stm32f4xx.o
    0x08006250   0x08006250   0x00000144   Code   RO          877    i.I2C_MasterReceive  i2c_stm32f4xx.o
    0x08006394   0x08006394   0x0000012a   Code   RO          878    i.I2C_MasterTransmit  i2c_stm32f4xx.o
    0x080064be   0x080064be   0x00000002   PAD
    0x080064c0   0x080064c0   0x00000298   Code   RO          879    i.I2C_PowerControl  i2c_stm32f4xx.o
    0x08006758   0x08006758   0x00000088   Code   RO          880    i.I2C_SlaveReceive  i2c_stm32f4xx.o
    0x080067e0   0x080067e0   0x00000088   Code   RO          881    i.I2C_SlaveTransmit  i2c_stm32f4xx.o
    0x08006868   0x08006868   0x00000034   Code   RO          882    i.I2C_Uninitialize  i2c_stm32f4xx.o
    0x0800689c   0x0800689c   0x000000bc   Code   RO          177    i.Init_Joystick     joystick.o
    0x08006958   0x08006958   0x0000003c   Code   RO          615    i.Init_ThPot        pot.o
    0x08006994   0x08006994   0x0000003c   Code   RO          563    i.Init_ThPwm        pwm.o
    0x080069d0   0x080069d0   0x0000003c   Code   RO          417    i.Init_ThTemp       temp.o
    0x08006a0c   0x08006a0c   0x00000044   Code   RO          366    i.Init_Thhora       hora.o
    0x08006a50   0x08006a50   0x0000003c   Code   RO          178    i.Init_Thjoy        joystick.o
    0x08006a8c   0x08006a8c   0x0000003c   Code   RO          469    i.Init_Thlcd        lcd.o
    0x08006ac8   0x08006ac8   0x00000028   Code   RO          265    i.Init_Thread_principal  principal.o
    0x08006af0   0x08006af0   0x00000020   Code   RO          470    i.LCD_Clean         lcd.o
    0x08006b10   0x08006b10   0x0000004c   Code   RO          471    i.LCD_init          lcd.o
    0x08006b5c   0x08006b5c   0x00000124   Code   RO          472    i.LCD_reset         lcd.o
    0x08006c80   0x08006c80   0x000000a0   Code   RO          473    i.LCD_update        lcd.o
    0x08006d20   0x08006d20   0x0000005c   Code   RO          474    i.LCD_wr_cmd        lcd.o
    0x08006d7c   0x08006d7c   0x0000005c   Code   RO          475    i.LCD_wr_data       lcd.o
    0x08006dd8   0x08006dd8   0x00000050   Code   RO          476    i.LCD_write         lcd.o
    0x08006e28   0x08006e28   0x00000018   Code   RO         1027    i.SPI1_Control      spi_stm32f4xx.o
    0x08006e40   0x08006e40   0x00000010   Code   RO         1028    i.SPI1_GetDataCount  spi_stm32f4xx.o
    0x08006e50   0x08006e50   0x00000010   Code   RO         1029    i.SPI1_GetStatus    spi_stm32f4xx.o
    0x08006e60   0x08006e60   0x00000010   Code   RO         1030    i.SPI1_IRQHandler   spi_stm32f4xx.o
    0x08006e70   0x08006e70   0x00000014   Code   RO         1031    i.SPI1_Initialize   spi_stm32f4xx.o
    0x08006e84   0x08006e84   0x00000014   Code   RO         1032    i.SPI1_PowerControl  spi_stm32f4xx.o
    0x08006e98   0x08006e98   0x00000018   Code   RO         1033    i.SPI1_Receive      spi_stm32f4xx.o
    0x08006eb0   0x08006eb0   0x00000018   Code   RO         1034    i.SPI1_Send         spi_stm32f4xx.o
    0x08006ec8   0x08006ec8   0x0000001c   Code   RO         1035    i.SPI1_Transfer     spi_stm32f4xx.o
    0x08006ee4   0x08006ee4   0x00000010   Code   RO         1036    i.SPI1_Uninitialize  spi_stm32f4xx.o
    0x08006ef4   0x08006ef4   0x0000000c   Code   RO         1037    i.SPIX_GetCapabilities  spi_stm32f4xx.o
    0x08006f00   0x08006f00   0x00000010   Code   RO         1038    i.SPIX_GetVersion   spi_stm32f4xx.o
    0x08006f10   0x08006f10   0x0000050a   Code   RO         1039    i.SPI_Control       spi_stm32f4xx.o
    0x0800741a   0x0800741a   0x00000008   Code   RO         1040    i.SPI_GetDataCount  spi_stm32f4xx.o
    0x08007422   0x08007422   0x0000002c   Code   RO         1041    i.SPI_GetStatus     spi_stm32f4xx.o
    0x0800744e   0x0800744e   0x00000106   Code   RO         1042    i.SPI_IRQHandler    spi_stm32f4xx.o
    0x08007554   0x08007554   0x000000d4   Code   RO         1043    i.SPI_Initialize    spi_stm32f4xx.o
    0x08007628   0x08007628   0x00000124   Code   RO         1044    i.SPI_PeripheralReset  spi_stm32f4xx.o
    0x0800774c   0x0800774c   0x00000104   Code   RO         1045    i.SPI_PowerControl  spi_stm32f4xx.o
    0x08007850   0x08007850   0x00000088   Code   RO         1046    i.SPI_Receive       spi_stm32f4xx.o
    0x080078d8   0x080078d8   0x00000056   Code   RO         1047    i.SPI_RxData        spi_stm32f4xx.o
    0x0800792e   0x0800792e   0x00000088   Code   RO         1048    i.SPI_Send          spi_stm32f4xx.o
    0x080079b6   0x080079b6   0x00000076   Code   RO         1049    i.SPI_Transfer      spi_stm32f4xx.o
    0x08007a2c   0x08007a2c   0x00000054   Code   RO         1050    i.SPI_TxData        spi_stm32f4xx.o
    0x08007a80   0x08007a80   0x00000066   Code   RO         1051    i.SPI_Uninitialize  spi_stm32f4xx.o
    0x08007ae6   0x08007ae6   0x00000002   PAD
    0x08007ae8   0x08007ae8   0x000000c0   Code   RO            6    i.SystemClock_Config  main.o
    0x08007ba8   0x08007ba8   0x000000c0   Code   RO         4618    i.SystemCoreClockUpdate  system_stm32f4xx.o
    0x08007c68   0x08007c68   0x0000001c   Code   RO         4619    i.SystemInit        system_stm32f4xx.o
    0x08007c84   0x08007c84   0x000000d8   Code   RO         3496    i.TIM_Base_SetConfig  stm32f4xx_hal_tim.o
    0x08007d5c   0x08007d5c   0x00000022   Code   RO         3497    i.TIM_CCxChannelCmd  stm32f4xx_hal_tim.o
    0x08007d7e   0x08007d7e   0x00000002   PAD
    0x08007d80   0x08007d80   0x00000070   Code   RO         3509    i.TIM_OC1_SetConfig  stm32f4xx_hal_tim.o
    0x08007df0   0x08007df0   0x0000007c   Code   RO         3510    i.TIM_OC2_SetConfig  stm32f4xx_hal_tim.o
    0x08007e6c   0x08007e6c   0x00000078   Code   RO         3511    i.TIM_OC3_SetConfig  stm32f4xx_hal_tim.o
    0x08007ee4   0x08007ee4   0x00000054   Code   RO         3512    i.TIM_OC4_SetConfig  stm32f4xx_hal_tim.o
    0x08007f38   0x08007f38   0x0000004c   Code   RO          477    i.Thlcd             lcd.o
    0x08007f84   0x08007f84   0x00000014   Code   RO          367    i.ThreadHora        hora.o
    0x08007f98   0x08007f98   0x000000ec   Code   RO          179    i.Thread_Joystick   joystick.o
    0x08008084   0x08008084   0x00000190   Code   RO          616    i.Thread_pot        pot.o
    0x08008214   0x08008214   0x000005a8   Code   RO          266    i.Thread_principal  principal.o
    0x080087bc   0x080087bc   0x0000002c   Code   RO          564    i.Thread_pwm        pwm.o
    0x080087e8   0x080087e8   0x0000018c   Code   RO          418    i.Thread_temp       temp.o
    0x08008974   0x08008974   0x00000058   Code   RO          368    i.Timer1_Callback   hora.o
    0x080089cc   0x080089cc   0x00000018   Code   RO         1195    i.USART3_Control    usart_stm32f4xx.o
    0x080089e4   0x080089e4   0x00000010   Code   RO         1196    i.USART3_GetCapabilities  usart_stm32f4xx.o
    0x080089f4   0x080089f4   0x00000010   Code   RO         1197    i.USART3_GetModemStatus  usart_stm32f4xx.o
    0x08008a04   0x08008a04   0x00000010   Code   RO         1198    i.USART3_GetRxCount  usart_stm32f4xx.o
    0x08008a14   0x08008a14   0x00000010   Code   RO         1199    i.USART3_GetStatus  usart_stm32f4xx.o
    0x08008a24   0x08008a24   0x00000010   Code   RO         1200    i.USART3_GetTxCount  usart_stm32f4xx.o
    0x08008a34   0x08008a34   0x00000010   Code   RO         1201    i.USART3_IRQHandler  usart_stm32f4xx.o
    0x08008a44   0x08008a44   0x00000014   Code   RO         1202    i.USART3_Initialize  usart_stm32f4xx.o
    0x08008a58   0x08008a58   0x00000014   Code   RO         1203    i.USART3_PowerControl  usart_stm32f4xx.o
    0x08008a6c   0x08008a6c   0x00000018   Code   RO         1204    i.USART3_Receive    usart_stm32f4xx.o
    0x08008a84   0x08008a84   0x00000018   Code   RO         1205    i.USART3_Send       usart_stm32f4xx.o
    0x08008a9c   0x08008a9c   0x00000014   Code   RO         1206    i.USART3_SetModemControl  usart_stm32f4xx.o
    0x08008ab0   0x08008ab0   0x0000001c   Code   RO         1207    i.USART3_Transfer   usart_stm32f4xx.o
    0x08008acc   0x08008acc   0x00000010   Code   RO         1208    i.USART3_Uninitialize  usart_stm32f4xx.o
    0x08008adc   0x08008adc   0x000008ec   Code   RO         1209    i.USART_Control     usart_stm32f4xx.o
    0x080093c8   0x080093c8   0x00000006   Code   RO         1210    i.USART_GetCapabilities  usart_stm32f4xx.o
    0x080093ce   0x080093ce   0x00000052   Code   RO         1211    i.USART_GetModemStatus  usart_stm32f4xx.o
    0x08009420   0x08009420   0x00000008   Code   RO         1212    i.USART_GetRxCount  usart_stm32f4xx.o
    0x08009428   0x08009428   0x00000076   Code   RO         1213    i.USART_GetStatus   usart_stm32f4xx.o
    0x0800949e   0x0800949e   0x00000008   Code   RO         1214    i.USART_GetTxCount  usart_stm32f4xx.o
    0x080094a6   0x080094a6   0x00000272   Code   RO         1215    i.USART_IRQHandler  usart_stm32f4xx.o
    0x08009718   0x08009718   0x00000092   Code   RO         1216    i.USART_Initialize  usart_stm32f4xx.o
    0x080097aa   0x080097aa   0x00000002   PAD
    0x080097ac   0x080097ac   0x0000019c   Code   RO         1217    i.USART_PeripheralReset  usart_stm32f4xx.o
    0x08009948   0x08009948   0x00000364   Code   RO         1218    i.USART_PowerControl  usart_stm32f4xx.o
    0x08009cac   0x08009cac   0x000000a2   Code   RO         1219    i.USART_Receive     usart_stm32f4xx.o
    0x08009d4e   0x08009d4e   0x00000088   Code   RO         1220    i.USART_Send        usart_stm32f4xx.o
    0x08009dd6   0x08009dd6   0x0000008c   Code   RO         1221    i.USART_SetModemControl  usart_stm32f4xx.o
    0x08009e62   0x08009e62   0x0000006a   Code   RO         1222    i.USART_Transfer    usart_stm32f4xx.o
    0x08009ecc   0x08009ecc   0x0000006a   Code   RO         1223    i.USART_Uninitialize  usart_stm32f4xx.o
    0x08009f36   0x08009f36   0x00000002   PAD
    0x08009f38   0x08009f38   0x00000010   Code   RO         1224    i.USARTx_GetVersion  usart_stm32f4xx.o
    0x08009f48   0x08009f48   0x00000030   Code   RO         5299    i.__ARM_fpclassify  m_wm.l(fpclassify.o)
    0x08009f78   0x08009f78   0x00000010   Code   RO         1867    i.__NVIC_GetPriorityGrouping  stm32f4xx_hal_cortex.o
    0x08009f88   0x08009f88   0x00000028   Code   RO         1868    i.__NVIC_SetPriority  stm32f4xx_hal_cortex.o
    0x08009fb0   0x08009fb0   0x00000014   Code   RO         5204    i.__hardfp_fabs     m_wm.l(fabs.o)
    0x08009fc4   0x08009fc4   0x0000000e   Code   RO         5166    i._is_digit         c_w.l(__printf_wp.o)
    0x08009fd2   0x08009fd2   0x00000016   Code   RO          735    i._mutex_acquire    rtx_lib.o
    0x08009fe8   0x08009fe8   0x0000000c   Code   RO          736    i._mutex_free       rtx_lib.o
    0x08009ff4   0x08009ff4   0x00000022   Code   RO          737    i._mutex_initialize  rtx_lib.o
    0x0800a016   0x0800a016   0x00000012   Code   RO          738    i._mutex_release    rtx_lib.o
    0x0800a028   0x0800a028   0x00000008   Code   RO          739    i._platform_post_stackheap_init  rtx_lib.o
    0x0800a030   0x0800a030   0x00000110   Code   RO          267    i.configurar_modo   principal.o
    0x0800a140   0x0800a140   0x00000080   Code   RO          478    i.delay             lcd.o
    0x0800a1c0   0x0800a1c0   0x0000004c   Code   RO          565    i.initPinPE9        pwm.o
    0x0800a20c   0x0800a20c   0x00000084   Code   RO          566    i.initTim1PWM       pwm.o
    0x0800a290   0x0800a290   0x00000040   Code   RO          419    i.init_LM75B        temp.o
    0x0800a2d0   0x0800a2d0   0x00000050   Code   RO          180    i.init_boton        joystick.o
    0x0800a320   0x0800a320   0x00000114   Code   RO          268    i.init_ctrl         principal.o
    0x0800a434   0x0800a434   0x00000068   Code   RO          269    i.init_leds         principal.o
    0x0800a49c   0x0800a49c   0x00000068   Code   RO          270    i.init_modulos      principal.o
    0x0800a504   0x0800a504   0x0000006c   Code   RO          271    i.init_rgb          principal.o
    0x0800a570   0x0800a570   0x0000001c   Code   RO          181    i.init_timer_pl     joystick.o
    0x0800a58c   0x0800a58c   0x0000001c   Code   RO          182    i.init_timer_rebotes  joystick.o
    0x0800a5a8   0x0800a5a8   0x0000001c   Code   RO          420    i.init_timer_temp   temp.o
    0x0800a5c4   0x0800a5c4   0x00000084   Code   RO          272    i.introducir_medidas  principal.o
    0x0800a648   0x0800a648   0x00000028   Code   RO          273    i.lcd_clean         principal.o
    0x0800a670   0x0800a670   0x0000001c   Code   RO            7    i.main              main.o
    0x0800a68c   0x0800a68c   0x00000020   Code   RO          822    i.osRtxErrorNotify  rtx_config.o
    0x0800a6ac   0x0800a6ac   0x00000004   Code   RO          823    i.osRtxIdleThread   rtx_config.o
    0x0800a6b0   0x0800a6b0   0x00000020   Code   RO          740    i.os_kernel_is_active  rtx_lib.o
    0x0800a6d0   0x0800a6d0   0x00000044   Code   RO          567    i.reinitTIM1PWM     pwm.o
    0x0800a714   0x0800a714   0x0000001c   Code   RO          479    i.symbolToLocalBuffer  lcd.o
    0x0800a730   0x0800a730   0x00000068   Code   RO          480    i.symbolToLocalBuffer_L1  lcd.o
    0x0800a798   0x0800a798   0x0000006c   Code   RO          481    i.symbolToLocalBuffer_L2  lcd.o
    0x0800a804   0x0800a804   0x0000001c   Code   RO          369    i.timer_init        hora.o
    0x0800a820   0x0800a820   0x00000018   Code   RO          183    i.timer_pl_callback  joystick.o
    0x0800a838   0x0800a838   0x00000014   Code   RO          184    i.timer_pl_start    joystick.o
    0x0800a84c   0x0800a84c   0x00000014   Code   RO          185    i.timer_rebotes_callback  joystick.o
    0x0800a860   0x0800a860   0x00000014   Code   RO          186    i.timer_rebotes_start  joystick.o
    0x0800a874   0x0800a874   0x00000014   Code   RO          371    i.timer_start       hora.o
    0x0800a888   0x0800a888   0x00000014   Code   RO          421    i.timer_temp_callback  temp.o
    0x0800a89c   0x0800a89c   0x00000014   Code   RO          422    i.timer_temp_start  temp.o
    0x0800a8b0   0x0800a8b0   0x0000002c   Code   RO         5293    locale$$code        c_w.l(lc_numeric_c.o)
    0x0800a8dc   0x0800a8dc   0x00000062   Code   RO         5194    x$fpl$d2f           fz_wm.l(d2f.o)
    0x0800a93e   0x0800a93e   0x00000018   Code   RO         5295    x$fpl$dcmpinf       fz_wm.l(dcmpi.o)
    0x0800a956   0x0800a956   0x00000002   PAD
    0x0800a958   0x0800a958   0x00000078   Code   RO         5226    x$fpl$dleqf         fz_wm.l(dleqf.o)
    0x0800a9d0   0x0800a9d0   0x00000154   Code   RO         5196    x$fpl$dmul          fz_wm.l(dmul.o)
    0x0800ab24   0x0800ab24   0x0000009c   Code   RO         5228    x$fpl$dnaninf       fz_wm.l(dnaninf.o)
    0x0800abc0   0x0800abc0   0x0000000c   Code   RO         5230    x$fpl$dretinf       fz_wm.l(dretinf.o)
    0x0800abcc   0x0800abcc   0x0000006c   Code   RO         5198    x$fpl$drleqf        fz_wm.l(drleqf.o)
    0x0800ac38   0x0800ac38   0x00000056   Code   RO         5200    x$fpl$f2d           fz_wm.l(f2d.o)
    0x0800ac8e   0x0800ac8e   0x0000008c   Code   RO         5232    x$fpl$fnaninf       fz_wm.l(fnaninf.o)
    0x0800ad1a   0x0800ad1a   0x0000000a   Code   RO         5373    x$fpl$fpinit        fz_wm.l(fpinit.o)
    0x0800ad24   0x0800ad24   0x0000000a   Code   RO         5234    x$fpl$fretinf       fz_wm.l(fretinf.o)
    0x0800ad2e   0x0800ad2e   0x00000004   Code   RO         5202    x$fpl$printf1       fz_wm.l(printf1.o)
    0x0800ad32   0x0800ad32   0x00000000   Code   RO         5236    x$fpl$usenofp       fz_wm.l(usenofp.o)
    0x0800ad32   0x0800ad32   0x00000960   Data   RO          483    .constdata          lcd.o
    0x0800b692   0x0800b692   0x00000002   PAD
    0x0800b694   0x0800b694   0x00000068   Data   RO          748    .constdata          rtx_lib.o
    0x0800b6fc   0x0800b6fc   0x00000068   Data   RO          884    .constdata          i2c_stm32f4xx.o
    0x0800b764   0x0800b764   0x00000080   Data   RO         1053    .constdata          spi_stm32f4xx.o
    0x0800b7e4   0x0800b7e4   0x00000088   Data   RO         1226    .constdata          usart_stm32f4xx.o
    0x0800b86c   0x0800b86c   0x00000008   Data   RO         2004    .constdata          stm32f4xx_hal_dma.o
    0x0800b874   0x0800b874   0x00000018   Data   RO         4620    .constdata          system_stm32f4xx.o
    0x0800b88c   0x0800b88c   0x00000011   Data   RO         5174    .constdata          c_w.l(__printf_flags_ss_wp.o)
    0x0800b89d   0x0800b89d   0x00000003   PAD
    0x0800b8a0   0x0800b8a0   0x00000094   Data   RO         5268    .constdata          c_w.l(bigflt0.o)
    0x0800b934   0x0800b934   0x000000a8   Data   RO          750    .rodata             rtx_lib.o
    0x0800b9dc   0x0800b9dc   0x00000001   Data   RO         5025    .rodata             RTX_CM4F.lib(irq_armv7m.o)
    0x0800b9dd   0x0800b9dd   0x00000003   PAD
    0x0800b9e0   0x0800b9e0   0x0000000b   Data   RO         4715    .rodata.str1.4      RTX_CM4F.lib(rtx_kernel.o)
    0x0800b9eb   0x0800b9eb   0x00000001   PAD
    0x0800b9ec   0x0800b9ec   0x00000020   Data   RO         5444    Region$$Table       anon$$obj.o
    0x0800ba0c   0x0800ba0c   0x0000001c   Data   RO         5292    locale$$data        c_w.l(lc_numeric_c.o)


    Execution Region RW_IRAM1 (Exec base: 0x20000000, Load base: 0x0800ba28, Size: 0x000091e0, Max: 0x00030000, ABSOLUTE, COMPRESSED[0x0000012c])

    Exec Addr    Load Addr    Size         Type   Attr      Idx    E Section Name        Object

    0x20000000   COMPRESSED   0x00008040   Data   RW          741    .bss.os             rtx_lib.o
    0x20008040   COMPRESSED   0x00000034   Data   RW          743    .bss.os.msgqueue.cb  rtx_lib.o
    0x20008074   COMPRESSED   0x00000050   Data   RW          744    .bss.os.msgqueue.mem  rtx_lib.o
    0x200080c4   COMPRESSED   0x00000088   Data   RW          745    .bss.os.thread.cb   rtx_lib.o
    0x2000814c   COMPRESSED   0x00000004   PAD
    0x20008150   COMPRESSED   0x00000200   Data   RW          746    .bss.os.thread.idle.stack  rtx_lib.o
    0x20008350   COMPRESSED   0x00000200   Data   RW          747    .bss.os.thread.timer.stack  rtx_lib.o
    0x20008550   COMPRESSED   0x00000004   Data   RW            8    .data               main.o
    0x20008554   COMPRESSED   0x00000020   Data   RW          188    .data               joystick.o
    0x20008574   COMPRESSED   0x00000048   Data   RW          275    .data               principal.o
    0x200085bc   COMPRESSED   0x0000000b   Data   RW          373    .data               hora.o
    0x200085c7   COMPRESSED   0x00000001   PAD
    0x200085c8   COMPRESSED   0x00000028   Data   RW          423    .data               temp.o
    0x200085f0   COMPRESSED   0x0000001c   Data   RW          484    .data               lcd.o
    0x2000860c   COMPRESSED   0x0000000d   Data   RW          569    .data               pwm.o
    0x20008619   COMPRESSED   0x00000003   PAD
    0x2000861c   COMPRESSED   0x00000010   Data   RW          617    .data               pot.o
    0x2000862c   COMPRESSED   0x00000001   Data   RW          749    .data               rtx_lib.o
    0x2000862d   COMPRESSED   0x00000003   PAD
    0x20008630   COMPRESSED   0x00000009   Data   RW         1405    .data               stm32f4xx_hal.o
    0x20008639   COMPRESSED   0x00000003   PAD
    0x2000863c   COMPRESSED   0x00000004   Data   RW         4621    .data               system_stm32f4xx.o
    0x20008640   COMPRESSED   0x000000a4   Data   RW         4716    .data.os            RTX_CM4F.lib(rtx_kernel.o)
    0x200086e4        -       0x00000014   Zero   RW          187    .bss                joystick.o
    0x200086f8        -       0x00000108   Zero   RW          274    .bss                principal.o
    0x20008800        -       0x00000280   Zero   RW          482    .bss                lcd.o
    0x20008a80        -       0x00000070   Zero   RW          568    .bss                pwm.o
    0x20008af0        -       0x00000028   Zero   RW          883    .bss                i2c_stm32f4xx.o
    0x20008b18        -       0x0000002c   Zero   RW         1052    .bss                spi_stm32f4xx.o
    0x20008b44        -       0x00000038   Zero   RW         1225    .bss                usart_stm32f4xx.o
    0x20008b7c        -       0x00000060   Zero   RW         5302    .bss                c_w.l(libspace.o)
    0x20008bdc        -       0x00000001   Zero   RW         5130    .bss.os             RTX_CM4F.lib(os_systick.o)
    0x20008bdd   COMPRESSED   0x00000003   PAD
    0x20008be0        -       0x00000200   Zero   RW         4609    HEAP                startup_stm32f429xx.o
    0x20008de0        -       0x00000400   Zero   RW         4608    STACK               startup_stm32f429xx.o


==============================================================================

Image component sizes


      Code (inc. data)   RO Data    RW Data    ZI Data      Debug   Object Name

         0          0          0          0          0       6012   com-pc.o
       224         46          0         11          0       2565   hora.o
      5960        174        104          0         40      25080   i2c_stm32f4xx.o
       920        122          0         32         20      10357   joystick.o
      1328        152       2400         28        640       7819   lcd.o
       300         24          0          4          0     757277   main.o
       804         66          0         16          0       3965   pot.o
      2524        508          0         72        264      15055   principal.o
       380         72          0         13        112       3034   pwm.o
        36          6          0          0          0       1045   rtx_config.o
       126          4        272      34125          0      12606   rtx_lib.o
      4158        212        128          0         44      54415   spi_stm32f4xx.o
        64         26        428          0       1536        860   startup_stm32f429xx.o
       178         24          0          9          0       9870   stm32f4xx_hal.o
      1396         58          0          0          0       6056   stm32f4xx_hal_adc.o
       392         34          0          0          0      36296   stm32f4xx_hal_cortex.o
       858         10          8          0          0       6269   stm32f4xx_hal_dma.o
       980        106          0          0          0       4824   stm32f4xx_hal_gpio.o
      1800         84          0          0          0       5932   stm32f4xx_hal_rcc.o
      1506        100          0          0          0      13744   stm32f4xx_hal_tim.o
       220         26         24          4          0       1979   system_stm32f4xx.o
       588         78          0         40          0       3580   temp.o
      5884        240        136          0         56      28451   usart_stm32f4xx.o

    ----------------------------------------------------------------------
     30650       2172       3534      34368       2712    1017091   Object Totals
         0          0         32          0          0          0   (incl. Generated)
        24          0          2         14          0          0   (incl. Padding)

    ----------------------------------------------------------------------

      Code (inc. data)   RO Data    RW Data    ZI Data      Debug   Library Member Name

       200         12          1          0          0        634   irq_armv7m.o
       126         32          0          0          1       3200   os_systick.o
        58          4          0          0          0       2791   rtx_delay.o
       608         60         11        164          0      16501   rtx_kernel.o
       228          0          0          0          0       2537   rtx_memory.o
       188          0          0          0          0      16008   rtx_mempool.o
      1354         36          0          0          0      18657   rtx_msgqueue.o
       886         32          0          0          0       9962   rtx_mutex.o
       376         26          0          0          0       5296   rtx_system.o
      1982         96          0          0          0      31847   rtx_thread.o
       552         36          0          0          0      10397   rtx_timer.o
        58          0          0          0          0          0   __dczerorl.o
         8          0          0          0          0         68   __main.o
       392          4         17          0          0         92   __printf_flags_ss_wp.o
        14          0          0          0          0         68   __printf_wp.o
         0          0          0          0          0          0   __rtentry.o
        20          0          0          0          0          0   __rtentry2.o
         6          0          0          0          0          0   __rtentry4.o
        52          8          0          0          0          0   __scatter.o
        28          0          0          0          0          0   __scatter_zi.o
        48          6          0          0          0         96   _printf_char_common.o
         6          0          0          0          0          0   _printf_d.o
       120         16          0          0          0         92   _printf_dec.o
         6          0          0          0          0          0   _printf_f.o
      1054          0          0          0          0        216   _printf_fp_dec.o
       128         16          0          0          0         84   _printf_fp_infnan.o
       178          0          0          0          0         88   _printf_intcommon.o
         0          0          0          0          0          0   _printf_percent.o
         4          0          0          0          0          0   _printf_percent_end.o
         6          0          0          0          0          0   _printf_u.o
        10          0          0          0          0         68   _sputc.o
       228          4        148          0          0         96   bigflt0.o
      1936        128          0          0          0        672   btod.o
        18          0          0          0          0         80   exit.o
         6          0          0          0          0        152   heapauxi.o
         0          0          0          0          0          0   indicate_semi.o
        44         10         28          0          0         76   lc_numeric_c.o
         2          0          0          0          0          0   libinit.o
        22          0          0          0          0          0   libinit2.o
         2          0          0          0          0          0   libshutdown.o
         2          0          0          0          0          0   libshutdown2.o
         8          4          0          0         96         68   libspace.o
       138          0          0          0          0         80   lludiv10.o
       238          0          0          0          0        100   lludivv7m.o
        40          6          0          0          0         84   noretval__2sprintf.o
        10          0          0          0          0         76   rt_locale_twolibspace.o
        68          0          0          0          0         68   rt_memclr.o
        78          0          0          0          0         80   rt_memclr_w.o
       138          0          0          0          0         68   rt_memcpy_v6.o
       100          0          0          0          0         80   rt_memcpy_w.o
         2          0          0          0          0          0   rtexit.o
        10          0          0          0          0          0   rtexit2.o
       128          0          0          0          0         68   strcmpv7m.o
        62          0          0          0          0         76   strlen.o
        12          4          0          0          0         68   sys_exit.o
        74          0          0          0          0         80   sys_stackheap_outer.o
         2          0          0          0          0         68   use_no_semi.o
        98          4          0          0          0        140   d2f.o
        24          0          0          0          0        116   dcmpi.o
       120          4          0          0          0        140   dleqf.o
       340         12          0          0          0        152   dmul.o
       156          4          0          0          0        140   dnaninf.o
        12          0          0          0          0        116   dretinf.o
       108          0          0          0          0        128   drleqf.o
        86          4          0          0          0        132   f2d.o
       140          4          0          0          0        132   fnaninf.o
        10          0          0          0          0        116   fpinit.o
        10          0          0          0          0        116   fretinf.o
         4          0          0          0          0        116   printf1.o
         0          0          0          0          0          0   usenofp.o
        20          0          0          0          0        124   fabs.o
        48          0          0          0          0        124   fpclassify.o

    ----------------------------------------------------------------------
     13260        572        212        164        100     122634   Library Totals
        20          0          7          0          3          0   (incl. Padding)

    ----------------------------------------------------------------------

      Code (inc. data)   RO Data    RW Data    ZI Data      Debug   Library Name

      6558        334         12        164          1     117830   RTX_CM4F.lib
      5506        206        193          0         96       3012   c_w.l
      1108         32          0          0          0       1544   fz_wm.l
        68          0          0          0          0        248   m_wm.l

    ----------------------------------------------------------------------
     13260        572        212        164        100     122634   Library Totals

    ----------------------------------------------------------------------

==============================================================================


      Code (inc. data)   RO Data    RW Data    ZI Data      Debug   

     43910       2744       3746      34532       2812    1116017   Grand Totals
     43910       2744       3746        300       2812    1116017   ELF Image Totals (compressed)
     43910       2744       3746        300          0          0   ROM Totals

==============================================================================

    Total RO  Size (Code + RO Data)                47656 (  46.54kB)
    Total RW  Size (RW Data + ZI Data)             37344 (  36.47kB)
    Total ROM Size (Code + RO Data + RW Data)      47956 (  46.83kB)

==============================================================================

